Component: ARM Compiler 5.05 update 1 (build 106) Tool: armlink [4d0efa]

==============================================================================

Section Cross References

    main.o(i.init) refers to misc.o(i.NVIC_PriorityGroupConfig) for NVIC_PriorityGroupConfig
    main.o(i.init) refers to uart.o(i.uart1_init) for uart1_init
    main.o(i.main) refers to main.o(i.init) for init
    main.o(i.main) refers to tasks.o(i.xTaskCreate) for xTaskCreate
    main.o(i.main) refers to noretval__2printf.o(.text) for __2printf
    main.o(i.main) refers to tasks.o(i.vTaskStartScheduler) for vTaskStartScheduler
    main.o(i.main) refers to tasks.o(i.vTaskEndScheduler) for vTaskEndScheduler
    main.o(i.main) refers to main.o(i.vTask1) for vTask1
    main.o(i.main) refers to main.o(.data) for usart1_recvTaskHandle
    main.o(i.main) refers to uart.o(i.task_usart1_recv) for task_usart1_recv
    main.o(i.main) refers to uart.o(i.task_usart1_print) for task_usart1_print
    main.o(i.main) refers to communication.o(i.vTaskRCReceiver) for vTaskRCReceiver
    main.o(i.main) refers to electronic_speed_controller.o(i.vTaskFCDebug) for vTaskFCDebug
    main.o(i.vTask1) refers to stm32f10x_rcc.o(i.RCC_APB2PeriphClockCmd) for RCC_APB2PeriphClockCmd
    main.o(i.vTask1) refers to stm32f10x_gpio.o(i.GPIO_Init) for GPIO_Init
    main.o(i.vTask1) refers to stm32f10x_gpio.o(i.GPIO_ResetBits) for GPIO_ResetBits
    main.o(i.vTask1) refers to tasks.o(i.vTaskDelay) for vTaskDelay
    main.o(i.vTask1) refers to stm32f10x_gpio.o(i.GPIO_SetBits) for GPIO_SetBits
    attitude.o(i.mahony_get_euler) refers to fmul.o(x$fpl$fmul) for __aeabi_fmul
    attitude.o(i.mahony_get_euler) refers to faddsub_clz.o(x$fpl$fadd) for __aeabi_fadd
    attitude.o(i.mahony_get_euler) refers to faddsub_clz.o(x$fpl$frsb) for __aeabi_frsub
    attitude.o(i.mahony_get_euler) refers to atan2f.o(i.atan2f) for atan2f
    attitude.o(i.mahony_get_euler) refers to faddsub_clz.o(x$fpl$fsub) for __aeabi_fsub
    attitude.o(i.mahony_get_euler) refers to asinf.o(i.asinf) for asinf
    attitude.o(i.mahony_get_euler) refers to attitude.o(.data) for g_q2
    attitude.o(i.mahony_get_quat) refers to attitude.o(.data) for g_q0
    attitude.o(i.mahony_init) refers to attitude.o(.data) for g_q0
    attitude.o(i.mahony_update) refers to fmul.o(x$fpl$fmul) for __aeabi_fmul
    attitude.o(i.mahony_update) refers to faddsub_clz.o(x$fpl$fadd) for __aeabi_fadd
    attitude.o(i.mahony_update) refers to sqrtf.o(i.sqrtf) for sqrtf
    attitude.o(i.mahony_update) refers to fleqf.o(x$fpl$fleqf) for __aeabi_cfcmple
    attitude.o(i.mahony_update) refers to fdiv.o(x$fpl$fdiv) for __aeabi_fdiv
    attitude.o(i.mahony_update) refers to faddsub_clz.o(x$fpl$fsub) for __aeabi_fsub
    attitude.o(i.mahony_update) refers to frleqf.o(x$fpl$frleqf) for __aeabi_cfrcmple
    attitude.o(i.mahony_update) refers to attitude.o(.data) for g_q2
    attitude.o(i.vTaskMPU6050Test) refers to _printf_percent.o(.ARM.Collect$$_printf_percent$$00000000) for _printf_percent
    attitude.o(i.vTaskMPU6050Test) refers to _printf_d.o(.ARM.Collect$$_printf_percent$$00000009) for _printf_d
    attitude.o(i.vTaskMPU6050Test) refers to _printf_dec.o(.text) for _printf_int_dec
    attitude.o(i.vTaskMPU6050Test) refers to _printf_pad.o(.text) for _printf_pre_padding
    attitude.o(i.vTaskMPU6050Test) refers to _printf_f.o(.ARM.Collect$$_printf_percent$$00000003) for _printf_f
    attitude.o(i.vTaskMPU6050Test) refers to printf1.o(x$fpl$printf1) for _printf_fp_dec
    attitude.o(i.vTaskMPU6050Test) refers to mpu6050.o(i.mpu6050_init) for mpu6050_init
    attitude.o(i.vTaskMPU6050Test) refers to noretval__2printf.o(.text) for __2printf
    attitude.o(i.vTaskMPU6050Test) refers to tasks.o(i.vTaskDelete) for vTaskDelete
    attitude.o(i.vTaskMPU6050Test) refers to tasks.o(i.vTaskDelay) for vTaskDelay
    attitude.o(i.vTaskMPU6050Test) refers to mpu6050.o(i.mpu6050_calibrate_gyro) for mpu6050_calibrate_gyro
    attitude.o(i.vTaskMPU6050Test) refers to mpu6050.o(i.mpu6050_get_acce) for mpu6050_get_acce
    attitude.o(i.vTaskMPU6050Test) refers to mpu6050.o(i.mpu6050_get_gyro) for mpu6050_get_gyro
    attitude.o(i.vTaskMPU6050Test) refers to mpu6050.o(i.mpu6050_get_temp) for mpu6050_get_temp
    attitude.o(i.vTaskMPU6050Test) refers to f2d.o(x$fpl$f2d) for __aeabi_f2d
    attitude.o(i.vTaskMahonyTest) refers to _printf_percent.o(.ARM.Collect$$_printf_percent$$00000000) for _printf_percent
    attitude.o(i.vTaskMahonyTest) refers to _printf_d.o(.ARM.Collect$$_printf_percent$$00000009) for _printf_d
    attitude.o(i.vTaskMahonyTest) refers to _printf_dec.o(.text) for _printf_int_dec
    attitude.o(i.vTaskMahonyTest) refers to _printf_pad.o(.text) for _printf_pre_padding
    attitude.o(i.vTaskMahonyTest) refers to _printf_f.o(.ARM.Collect$$_printf_percent$$00000003) for _printf_f
    attitude.o(i.vTaskMahonyTest) refers to printf1.o(x$fpl$printf1) for _printf_fp_dec
[...]
    g_ix                                     0x20000018   Data           4  attitude.o(.data)
    g_iy                                     0x2000001c   Data           4  attitude.o(.data)
    g_kp                                     0x20000020   Data           4  attitude.o(.data)
    g_ki                                     0x20000024   Data           4  attitude.o(.data)
    .data                                    0x20000028   Section       16  communication.o(.data)
    .data                                    0x20000038   Section       41  cascade_pid.o(.data)
    s_was_armed                              0x20000056   Data           1  cascade_pid.o(.data)
    s_failsafe_throttle                      0x20000058   Data           4  cascade_pid.o(.data)
    s_failsafe_elapsed                       0x2000005c   Data           4  cascade_pid.o(.data)
    s_k1_prev                                0x20000060   Data           1  cascade_pid.o(.data)
    .data                                    0x20000064   Section       36  mpu6050.o(.data)
    g_acce_sensitivity                       0x20000064   Data           4  mpu6050.o(.data)
    g_gyro_sensitivity                       0x20000068   Data           4  mpu6050.o(.data)
    g_gyro_bias_x                            0x2000006c   Data           4  mpu6050.o(.data)
    g_gyro_bias_y                            0x20000070   Data           4  mpu6050.o(.data)
    g_gyro_bias_z                            0x20000074   Data           4  mpu6050.o(.data)
    g_i2c_mutex                              0x20000078   Data           4  mpu6050.o(.data)
    g_i2c_error_count                        0x2000007c   Data           4  mpu6050.o(.data)
    g_i2c_reset_count                        0x20000080   Data           4  mpu6050.o(.data)
    g_i2c_total_errors                       0x20000084   Data           4  mpu6050.o(.data)
    .data                                    0x20000088   Section       18  uart.o(.data)
    index                                    0x20000098   Data           1  uart.o(.data)
    index                                    0x20000099   Data           1  uart.o(.data)
    .data                                    0x2000009c   Section       60  tasks.o(.data)
    pxDelayedTaskList                        0x200000a0   Data           4  tasks.o(.data)
    pxOverflowDelayedTaskList                0x200000a4   Data           4  tasks.o(.data)
    uxDeletedTasksWaitingCleanUp             0x200000a8   Data           4  tasks.o(.data)
    uxCurrentNumberOfTasks                   0x200000ac   Data           4  tasks.o(.data)
    xTickCount                               0x200000b0   Data           4  tasks.o(.data)
    uxTopReadyPriority                       0x200000b4   Data           4  tasks.o(.data)
    xSchedulerRunning                        0x200000b8   Data           4  tasks.o(.data)
    uxPendedTicks                            0x200000bc   Data           4  tasks.o(.data)
    xYieldPending                            0x200000c0   Data           4  tasks.o(.data)
    xNumOfOverflows                          0x200000c4   Data           4  tasks.o(.data)
    uxTaskNumber                             0x200000c8   Data           4  tasks.o(.data)
    xNextTaskUnblockTime                     0x200000cc   Data           4  tasks.o(.data)
    xIdleTaskHandle                          0x200000d0   Data           4  tasks.o(.data)
    uxSchedulerSuspended                     0x200000d4   Data           4  tasks.o(.data)
    .data                                    0x200000d8   Section       20  timers.o(.data)
    pxCurrentTimerList                       0x200000d8   Data           4  timers.o(.data)
    pxOverflowTimerList                      0x200000dc   Data           4  timers.o(.data)
    xTimerQueue                              0x200000e0   Data           4  timers.o(.data)
    xTimerTaskHandle                         0x200000e4   Data           4  timers.o(.data)
    xLastTime                                0x200000e8   Data           4  timers.o(.data)
    .data                                    0x200000ec   Section       12  port.o(.data)
    uxCriticalNesting                        0x200000ec   Data           4  port.o(.data)
    ucMaxSysCallPriority                     0x200000f0   Data           1  port.o(.data)
    ulMaxPRIGROUPValue                       0x200000f4   Data           4  port.o(.data)
    .data                                    0x200000f8   Section       24  heap_4.o(.data)
    xStart                                   0x200000f8   Data           8  heap_4.o(.data)
    pxEnd                                    0x20000100   Data           4  heap_4.o(.data)
    xFreeBytesRemaining                      0x20000104   Data           4  heap_4.o(.data)
    xMinimumEverFreeBytesRemaining           0x20000108   Data           4  heap_4.o(.data)
    xBlockAllocatedBit                       0x2000010c   Data           4  heap_4.o(.data)
    .data                                    0x20000110   Section       20  stm32f10x_rcc.o(.data)
    APBAHBPrescTable                         0x20000110   Data          16  stm32f10x_rcc.o(.data)
    ADCPrescTable                            0x20000120   Data           4  stm32f10x_rcc.o(.data)
    .data                                    0x20000124   Section       20  system_stm32f10x.o(.data)
    .bss                                     0x20000138   Section       16  communication.o(.bss)
    .bss                                     0x20000148   Section       84  cascade_pid.o(.bss)
    .bss                                     0x2000019c   Section      288  uart.o(.bss)
    cmd_line                                 0x2000019c   Data          32  uart.o(.bss)
    printf_buf                               0x200001bc   Data         256  uart.o(.bss)
    .bss                                     0x200002bc   Section       64  queue.o(.bss)
    .bss                                     0x200002fc   Section      200  tasks.o(.bss)
    pxReadyTasksLists                        0x200002fc   Data         100  tasks.o(.bss)
    xDelayedTaskList1                        0x20000360   Data          20  tasks.o(.bss)
    xDelayedTaskList2                        0x20000374   Data          20  tasks.o(.bss)
    xPendingReadyList                        0x20000388   Data          20  tasks.o(.bss)
    xTasksWaitingTermination                 0x2000039c   Data          20  tasks.o(.bss)
    xSuspendedTaskList                       0x200003b0   Data          20  tasks.o(.bss)
    .bss                                     0x200003c4   Section       40  timers.o(.bss)
    xActiveTimerList1                        0x200003c4   Data          20  timers.o(.bss)
    xActiveTimerList2                        0x200003d8   Data          20  timers.o(.bss)
    .bss                                     0x200003ec   Section     8192  heap_4.o(.bss)
    ucHeap                                   0x200003ec   Data        8192  heap_4.o(.bss)
    .bss                                     0x200023ec   Section       96  libspace.o(.bss)
    HEAP                                     0x20002450   Section      512  startup_stm32f10x_md.o(HEAP)
    Heap_Mem                                 0x20002450   Data         512  startup_stm32f10x_md.o(HEAP)
    STACK                                    0x20002650   Section     1024  startup_stm32f10x_md.o(STACK)
    Stack_Mem                                0x20002650   Data        1024  startup_stm32f10x_md.o(STACK)
    __initial_sp                             0x20002a50   Data           0  startup_stm32f10x_md.o(STACK)

    Global Symbols

    Symbol Name                              Value     Ov Type        Size  Object(Section)

    BuildAttributes$$THM_ISAv4$P$D$K$B$S$PE$A:L22UL41UL21$X:L11$S22US41US21$IEEE1$IW$USESV6$~STKCKD$USESV7$~SHL$OTIME$ROPI$IEEEX$EBA8$UX$STANDARDLIB$REQ8$PRES8$EABIv2 0x00000000   Number         0  anon$$obj.o ABSOLUTE
    __ARM_use_no_argv                        0x00000000   Number         0  main.o ABSOLUTE
    _printf_flags                            0x00000000   Number         0  printf_stubs.o ABSOLUTE
    _printf_return_value                     0x00000000   Number         0  printf_stubs.o ABSOLUTE
    _printf_sizespec                         0x00000000   Number         0  printf_stubs.o ABSOLUTE
    _printf_widthprec                        0x00000000   Number         0  printf_stubs.o ABSOLUTE
    __ARM_exceptions_init                     - Undefined Weak Reference
    __alloca_initialize                       - Undefined Weak Reference
    __arm_preinit_                            - Undefined Weak Reference
    __cpp_initialize__aeabi_                  - Undefined Weak Reference
    __cxa_finalize                            - Undefined Weak Reference
    __sigvec_lookup                           - Undefined Weak Reference
    _atexit_init                              - Undefined Weak Reference
    _call_atexit_fns                          - Undefined Weak Reference
    _clock_init                               - Undefined Weak Reference
    _fp_trap_init                             - Undefined Weak Reference
    _fp_trap_shutdown                         - Undefined Weak Reference
    _get_lc_collate                           - Undefined Weak Reference
    _get_lc_ctype                             - Undefined Weak Reference
    _get_lc_monetary                          - Undefined Weak Reference
    _get_lc_time                              - Undefined Weak Reference
    _getenv_init                              - Undefined Weak Reference
    _handle_redirection                       - Undefined Weak Reference
    _init_alloc                               - Undefined Weak Reference
    _init_user_alloc                          - Undefined Weak Reference
    _initio                                   - Undefined Weak Reference
    _mutex_acquire                            - Undefined Weak Reference
    _mutex_release                            - Undefined Weak Reference
    _printf_mbtowc                            - Undefined Weak Reference
    _printf_truncate_signed                   - Undefined Weak Reference
    _printf_truncate_unsigned                 - Undefined Weak Reference
    _rand_init                                - Undefined Weak Reference
    _signal_finish                            - Undefined Weak Reference
    _signal_init                              - Undefined Weak Reference
    _terminate_alloc                          - Undefined Weak Reference
    _terminate_user_alloc                     - Undefined Weak Reference
    _terminateio                              - Undefined Weak Reference
    __Vectors_Size                           0x000000ec   Number         0  startup_stm32f10x_md.o ABSOLUTE
    __Vectors                                0x08000000   Data           4  startup_stm32f10x_md.o(RESET)
    __Vectors_End                            0x080000ec   Data           0  startup_stm32f10x_md.o(RESET)
    __main                                   0x080000ed   Thumb Code     8  __main.o(!!!main)
    __scatterload                            0x080000f5   Thumb Code     0  __scatter.o(!!!scatter)
    __scatterload_rt2                        0x080000f5   Thumb Code    44  __scatter.o(!!!scatter)
    __scatterload_rt2_thumb_only             0x080000f5   Thumb Code     0  __scatter.o(!!!scatter)
    __scatterload_null                       0x08000103   Thumb Code     0  __scatter.o(!!!scatter)
    __decompress                             0x08000129   Thumb Code    90  __dczerorl2.o(!!dczerorl2)
    __decompress1                            0x08000129   Thumb Code     0  __dczerorl2.o(!!dczerorl2)
    __scatterload_zeroinit                   0x08000185   Thumb Code    28  __scatter_zi.o(!!handler_zi)
    _printf_f                                0x080001a1   Thumb Code     0  _printf_f.o(.ARM.Collect$$_printf_percent$$00000003)
    _printf_percent                          0x080001a1   Thumb Code     0  _printf_percent.o(.ARM.Collect$$_printf_percent$$00000000)
    _printf_d                                0x080001a7   Thumb Code     0  _printf_d.o(.ARM.Collect$$_printf_percent$$00000009)
    _printf_u                                0x080001ad   Thumb Code     0  _printf_u.o(.ARM.Collect$$_printf_percent$$0000000A)
    _printf_s                                0x080001b3   Thumb Code     0  _printf_s.o(.ARM.Collect$$_printf_percent$$00000014)
    _printf_percent_end                      0x080001b9   Thumb Code     0  _printf_percent_end.o(.ARM.Collect$$_printf_percent$$00000017)
    __rt_lib_init                            0x080001bd   Thumb Code     0  libinit.o(.ARM.Collect$$libinit$$00000000)
    __rt_lib_init_fp_1                       0x080001bf   Thumb Code     0  libinit2.o(.ARM.Collect$$libinit$$00000002)
    __rt_lib_init_heap_1                     0x080001bf   Thumb Code     0  libinit2.o(.ARM.Collect$$libinit$$0000000A)
    __rt_lib_init_lc_common                  0x080001bf   Thumb Code     0  libinit2.o(.ARM.Collect$$libinit$$0000000F)
    __rt_lib_init_preinit_1                  0x080001bf   Thumb Code     0  libinit2.o(.ARM.Collect$$libinit$$00000004)
    __rt_lib_init_rand_1                     0x080001bf   Thumb Code     0  libinit2.o(.ARM.Collect$$libinit$$0000000E)
    __rt_lib_init_user_alloc_1               0x080001bf   Thumb Code     0  libinit2.o(.ARM.Collect$$libinit$$0000000C)
    __rt_lib_init_lc_collate_1               0x080001c5   Thumb Code     0  libinit2.o(.ARM.Collect$$libinit$$00000011)
    __rt_lib_init_lc_ctype_1                 0x080001c5   Thumb Code     0  libinit2.o(.ARM.Collect$$libinit$$00000013)
    __rt_lib_init_lc_monetary_1              0x080001c5   Thumb Code     0  libinit2.o(.ARM.Collect$$libinit$$00000015)
    __rt_lib_init_lc_numeric_2               0x080001c5   Thumb Code     0  libinit2.o(.ARM.Collect$$libinit$$00000016)
    __rt_lib_init_alloca_1                   0x080001cf   Thumb Code     0  libinit2.o(.ARM.Collect$$libinit$$0000002E)
    __rt_lib_init_argv_1                     0x080001cf   Thumb Code     0  libinit2.o(.ARM.Collect$$libinit$$0000002C)
    __rt_lib_init_atexit_1                   0x080001cf   Thumb Code     0  libinit2.o(.ARM.Collect$$libinit$$0000001B)
    __rt_lib_init_clock_1                    0x080001cf   Thumb Code     0  libinit2.o(.ARM.Collect$$libinit$$00000021)
    __rt_lib_init_cpp_1                      0x080001cf   Thumb Code     0  libinit2.o(.ARM.Collect$$libinit$$00000032)
    __rt_lib_init_exceptions_1               0x080001cf   Thumb Code     0  libinit2.o(.ARM.Collect$$libinit$$00000030)
    __rt_lib_init_fp_trap_1                  0x080001cf   Thumb Code     0  libinit2.o(.ARM.Collect$$libinit$$0000001F)
    __rt_lib_init_getenv_1                   0x080001cf   Thumb Code     0  libinit2.o(.ARM.Collect$$libinit$$00000023)
    __rt_lib_init_lc_numeric_1               0x080001cf   Thumb Code     0  libinit2.o(.ARM.Collect$$libinit$$00000017)
    __rt_lib_init_lc_time_1                  0x080001cf   Thumb Code     0  libinit2.o(.ARM.Collect$$libinit$$00000019)
    __rt_lib_init_return                     0x080001cf   Thumb Code     0  libinit2.o(.ARM.Collect$$libinit$$00000033)
    __rt_lib_init_signal_1                   0x080001cf   Thumb Code     0  libinit2.o(.ARM.Collect$$libinit$$0000001D)
    __rt_lib_init_stdio_1                    0x080001cf   Thumb Code     0  libinit2.o(.ARM.Collect$$libinit$$00000025)
    __rt_lib_shutdown                        0x080001d1   Thumb Code     0  libshutdown.o(.ARM.Collect$$libshutdown$$00000000)
    __rt_lib_shutdown_fp_trap_1              0x080001d3   Thumb Code     0  libshutdown2.o(.ARM.Collect$$libshutdown$$00000006)
    __rt_lib_shutdown_heap_1                 0x080001d3   Thumb Code     0  libshutdown2.o(.ARM.Collect$$libshutdown$$0000000E)
    __rt_lib_shutdown_return                 0x080001d3   Thumb Code     0  libshutdown2.o(.ARM.Collect$$libshutdown$$0000000F)
    __rt_lib_shutdown_signal_1               0x080001d3   Thumb Code     0  libshutdown2.o(.ARM.Collect$$libshutdown$$00000009)
    __rt_lib_shutdown_stdio_1                0x080001d3   Thumb Code     0  libshutdown2.o(.ARM.Collect$$libshutdown$$00000003)
    __rt_lib_shutdown_user_alloc_1           0x080001d3   Thumb Code     0  libshutdown2.o(.ARM.Collect$$libshutdown$$0000000B)
    __rt_entry                               0x080001d5   Thumb Code     0  __rtentry.o(.ARM.Collect$$rtentry$$00000000)
    __rt_entry_presh_1                       0x080001d5   Thumb Code     0  __rtentry2.o(.ARM.Collect$$rtentry$$00000002)
    __rt_entry_sh                            0x080001d5   Thumb Code     0  __rtentry4.o(.ARM.Collect$$rtentry$$00000004)
    __rt_entry_li                            0x080001db   Thumb Code     0  __rtentry2.o(.ARM.Collect$$rtentry$$0000000A)
    __rt_entry_postsh_1                      0x080001db   Thumb Code     0  __rtentry2.o(.ARM.Collect$$rtentry$$00000009)
    __rt_entry_main                          0x080001df   Thumb Code     0  __rtentry2.o(.ARM.Collect$$rtentry$$0000000D)
    __rt_entry_postli_1                      0x080001df   Thumb Code     0  __rtentry2.o(.ARM.Collect$$rtentry$$0000000C)
    __rt_exit                                0x080001e7   Thumb Code     0  rtexit.o(.ARM.Collect$$rtexit$$00000000)
    __rt_exit_ls                             0x080001e9   Thumb Code     0  rtexit2.o(.ARM.Collect$$rtexit$$00000003)
    __rt_exit_prels_1                        0x080001e9   Thumb Code     0  rtexit2.o(.ARM.Collect$$rtexit$$00000002)
    __rt_exit_exit                           0x080001ed   Thumb Code     0  rtexit2.o(.ARM.Collect$$rtexit$$00000004)
    SVC_Handler                              0x080001f5   Thumb Code    32  port.o(.emb_text)
    __asm___6_port_c_39a90d8d__prvStartFirstTask 0x08000219   Thumb Code    28  port.o(.emb_text)
    PendSV_Handler                           0x08000239   Thumb Code    72  port.o(.emb_text)
    vPortGetIPSR                             0x08000285   Thumb Code     6  port.o(.emb_text)
    Reset_Handler                            0x0800028d   Thumb Code     8  startup_stm32f10x_md.o(.text)
    NMI_Handler                              0x08000295   Thumb Code     2  startup_stm32f10x_md.o(.text)
    HardFault_Handler                        0x08000297   Thumb Code     2  startup_stm32f10x_md.o(.text)
    MemManage_Handler                        0x08000299   Thumb Code     2  startup_stm32f10x_md.o(.text)
    BusFault_Handler                         0x0800029b   Thumb Code     2  startup_stm32f10x_md.o(.text)
    UsageFault_Handler                       0x0800029d   Thumb Code     2  startup_stm32f10x_md.o(.text)
    DebugMon_Handler                         0x080002a1   Thumb Code     2  startup_stm32f10x_md.o(.text)
    ADC1_2_IRQHandler                        0x080002a7   Thumb Code     0  startup_stm32f10x_md.o(.text)
    CAN1_RX1_IRQHandler                      0x080002a7   Thumb Code     0  startup_stm32f10x_md.o(.text)
    CAN1_SCE_IRQHandler                      0x080002a7   Thumb Code     0  startup_stm32f10x_md.o(.text)
    DMA1_Channel1_IRQHandler                 0x080002a7   Thumb Code     0  startup_stm32f10x_md.o(.text)
    DMA1_Channel2_IRQHandler                 0x080002a7   Thumb Code     0  startup_stm32f10x_md.o(.text)
    DMA1_Channel3_IRQHandler                 0x080002a7   Thumb Code     0  startup_stm32f10x_md.o(.text)
    DMA1_Channel4_IRQHandler                 0x080002a7   Thumb Code     0  startup_stm32f10x_md.o(.text)
    DMA1_Channel5_IRQHandler                 0x080002a7   Thumb Code     0  startup_stm32f10x_md.o(.text)
    DMA1_Channel6_IRQHandler                 0x080002a7   Thumb Code     0  startup_stm32f10x_md.o(.text)
    DMA1_Channel7_IRQHandler                 0x080002a7   Thumb Code     0  startup_stm32f10x_md.o(.text)
    EXTI0_IRQHandler                         0x080002a7   Thumb Code     0  startup_stm32f10x_md.o(.text)
    EXTI15_10_IRQHandler                     0x080002a7   Thumb Code     0  startup_stm32f10x_md.o(.text)
    EXTI1_IRQHandler                         0x080002a7   Thumb Code     0  startup_stm32f10x_md.o(.text)
    EXTI2_IRQHandler                         0x080002a7   Thumb Code     0  startup_stm32f10x_md.o(.text)
    EXTI3_IRQHandler                         0x080002a7   Thumb Code     0  startup_stm32f10x_md.o(.text)
    EXTI4_IRQHandler                         0x080002a7   Thumb Code     0  startup_stm32f10x_md.o(.text)
    EXTI9_5_IRQHandler                       0x080002a7   Thumb Code     0  startup_stm32f10x_md.o(.text)
    FLASH_IRQHandler                         0x080002a7   Thumb Code     0  startup_stm32f10x_md.o(.text)
    I2C1_ER_IRQHandler                       0x080002a7   Thumb Code     0  startup_stm32f10x_md.o(.text)
    I2C1_EV_IRQHandler                       0x080002a7   Thumb Code     0  startup_stm32f10x_md.o(.text)
    I2C2_ER_IRQHandler                       0x080002a7   Thumb Code     0  startup_stm32f10x_md.o(.text)
    I2C2_EV_IRQHandler                       0x080002a7   Thumb Code     0  startup_stm32f10x_md.o(.text)
    PVD_IRQHandler                           0x080002a7   Thumb Code     0  startup_stm32f10x_md.o(.text)
    RCC_IRQHandler                           0x080002a7   Thumb Code     0  startup_stm32f10x_md.o(.text)
    RTCAlarm_IRQHandler                      0x080002a7   Thumb Code     0  startup_stm32f10x_md.o(.text)
    RTC_IRQHandler                           0x080002a7   Thumb Code     0  startup_stm32f10x_md.o(.text)
    SPI1_IRQHandler                          0x080002a7   Thumb Code     0  startup_stm32f10x_md.o(.text)
    SPI2_IRQHandler                          0x080002a7   Thumb Code     0  startup_stm32f10x_md.o(.text)
    TAMPER_IRQHandler                        0x080002a7   Thumb Code     0  startup_stm32f10x_md.o(.text)
    TIM1_BRK_IRQHandler                      0x080002a7   Thumb Code     0  startup_stm32f10x_md.o(.text)
    TIM1_CC_IRQHandler                       0x080002a7   Thumb Code     0  startup_stm32f10x_md.o(.text)
    TIM1_TRG_COM_IRQHandler                  0x080002a7   Thumb Code     0  startup_stm32f10x_md.o(.text)
    TIM1_UP_IRQHandler                       0x080002a7   Thumb Code     0  startup_stm32f10x_md.o(.text)
    TIM2_IRQHandler                          0x080002a7   Thumb Code     0  startup_stm32f10x_md.o(.text)
    TIM3_IRQHandler                          0x080002a7   Thumb Code     0  startup_stm32f10x_md.o(.text)
    TIM4_IRQHandler                          0x080002a7   Thumb Code     0  startup_stm32f10x_md.o(.text)
    USART2_IRQHandler                        0x080002a7   Thumb Code     0  startup_stm32f10x_md.o(.text)
    USART3_IRQHandler                        0x080002a7   Thumb Code     0  startup_stm32f10x_md.o(.text)
    USBWakeUp_IRQHandler                     0x080002a7   Thumb Code     0  startup_stm32f10x_md.o(.text)
    USB_HP_CAN1_TX_IRQHandler                0x080002a7   Thumb Code     0  startup_stm32f10x_md.o(.text)
    USB_LP_CAN1_RX0_IRQHandler               0x080002a7   Thumb Code     0  startup_stm32f10x_md.o(.text)
    WWDG_IRQHandler                          0x080002a7   Thumb Code     0  startup_stm32f10x_md.o(.text)
    __user_initial_stackheap                 0x080002a9   Thumb Code     0  startup_stm32f10x_md.o(.text)
    __2printf                                0x080002cd   Thumb Code    20  noretval__2printf.o(.text)
    _printf_pre_padding                      0x080002e5   Thumb Code    44  _printf_pad.o(.text)
    _printf_post_padding                     0x08000311   Thumb Code    34  _printf_pad.o(.text)
    _printf_str                              0x08000333   Thumb Code    82  _printf_str.o(.text)
    _printf_int_dec                          0x08000385   Thumb Code   104  _printf_dec.o(.text)
    __printf                                 0x080003fd   Thumb Code   388  __printf_flags_ss_wp.o(.text)
    __aeabi_memcpy                           0x08000585   Thumb Code     0  rt_memcpy_v6.o(.text)
    __rt_memcpy                              0x08000585   Thumb Code   138  rt_memcpy_v6.o(.text)
    _memcpy_lastbytes                        0x080005eb   Thumb Code     0  rt_memcpy_v6.o(.text)
    __aeabi_memcpy4                          0x0800060f   Thumb Code     0  rt_memcpy_w.o(.text)
    __aeabi_memcpy8                          0x0800060f   Thumb Code     0  rt_memcpy_w.o(.text)
    __rt_memcpy_w                            0x0800060f   Thumb Code   100  rt_memcpy_w.o(.text)
    _memcpy_lastbytes_aligned                0x08000657   Thumb Code     0  rt_memcpy_w.o(.text)
    __aeabi_memset                           0x08000673   Thumb Code    16  aeabi_memset.o(.text)
    __aeabi_memclr                           0x08000683   Thumb Code     0  rt_memclr.o(.text)
    __rt_memclr                              0x08000683   Thumb Code    68  rt_memclr.o(.text)
    _memset                                  0x08000687   Thumb Code     0  rt_memclr.o(.text)
    __aeabi_memclr4                          0x080006c7   Thumb Code     0  rt_memclr_w.o(.text)
    __aeabi_memclr8                          0x080006c7   Thumb Code     0  rt_memclr_w.o(.text)
    __rt_memclr_w                            0x080006c7   Thumb Code    78  rt_memclr_w.o(.text)
    _memset_w                                0x080006cb   Thumb Code     0  rt_memclr_w.o(.text)
    __use_two_region_memory                  0x08000715   Thumb Code     2  heapauxi.o(.text)
    __rt_heap_escrow$2region                 0x08000717   Thumb Code     2  heapauxi.o(.text)
    __rt_heap_expand$2region                 0x08000719   Thumb Code     2  heapauxi.o(.text)
    __read_errno                             0x0800071b   Thumb Code    10  _rserrno.o(.text)
    __set_errno                              0x08000725   Thumb Code    12  _rserrno.o(.text)
    _printf_int_common                       0x08000731   Thumb Code   178  _printf_intcommon.o(.text)
    __lib_sel_fp_printf                      0x080007e3   Thumb Code     2  _printf_fp_dec.o(.text)
    _printf_fp_dec_real                      0x08000991   Thumb Code   620  _printf_fp_dec.o(.text)
    _printf_cs_common                        0x08000bfd   Thumb Code    20  _printf_char.o(.text)
    _printf_char                             0x08000c11   Thumb Code    16  _printf_char.o(.text)
    _printf_string                           0x08000c21   Thumb Code     8  _printf_char.o(.text)
    _printf_char_file                        0x08000c29   Thumb Code    32  _printf_char_file.o(.text)
    __rt_locale                              0x08000c4d   Thumb Code     8  rt_locale_intlibspace.o(.text)
    __aeabi_errno_addr                       0x08000c55   Thumb Code     8  rt_errno_addr_intlibspace.o(.text)
    __errno$intlibspace                      0x08000c55   Thumb Code     0  rt_errno_addr_intlibspace.o(.text)
    __rt_errno_addr$intlibspace              0x08000c55   Thumb Code     0  rt_errno_addr_intlibspace.o(.text)
    _ll_udiv10                               0x08000c5d   Thumb Code   138  lludiv10.o(.text)
    _printf_char_common                      0x08000cf3   Thumb Code    32  _printf_char_common.o(.text)
    _printf_fp_infnan                        0x08000d19   Thumb Code   112  _printf_fp_infnan.o(.text)
    _btod_etento                             0x08000d99   Thumb Code   216  bigflt0.o(.text)
    ferror                                   0x08000e75   Thumb Code     8  ferror.o(.text)
    __user_libspace                          0x08000e7d   Thumb Code     8  libspace.o(.text)
    __user_perproc_libspace                  0x08000e7d   Thumb Code     0  libspace.o(.text)
    __user_perthread_libspace                0x08000e7d   Thumb Code     0  libspace.o(.text)
    __user_setup_stackheap                   0x08000e85   Thumb Code    74  sys_stackheap_outer.o(.text)
    exit                                     0x08000ecf   Thumb Code    12  exit.o(.text)
    strcmp                                   0x08000edd   Thumb Code   128  strcmpv7m.o(.text)
    _btod_d2e                                0x08000f5d   Thumb Code    62  btod.o(CL$$btod_d2e)
    _d2e_denorm_low                          0x08000f9b   Thumb Code    70  btod.o(CL$$btod_d2e_denorm_low)
    _d2e_norm_op1                            0x08000fe1   Thumb Code    96  btod.o(CL$$btod_d2e_norm_op1)
    __btod_div_common                        0x08001041   Thumb Code   696  btod.o(CL$$btod_div_common)
    _e2e                                     0x08001379   Thumb Code   198  btod.o(CL$$btod_e2e)
    _btod_ediv                               0x0800143f   Thumb Code    40  btod.o(CL$$btod_ediv)
    _btod_emul                               0x08001467   Thumb Code    40  btod.o(CL$$btod_emul)
    __btod_mult_common                       0x0800148f   Thumb Code   580  btod.o(CL$$btod_mult_common)
    GPIO_Init                                0x080016d3   Thumb Code   278  stm32f10x_gpio.o(i.GPIO_Init)
    GPIO_ResetBits                           0x080017e9   Thumb Code     4  stm32f10x_gpio.o(i.GPIO_ResetBits)
    GPIO_SetBits                             0x080017ed   Thumb Code     4  stm32f10x_gpio.o(i.GPIO_SetBits)
    I2C_AcknowledgeConfig                    0x080017f1   Thumb Code    24  stm32f10x_i2c.o(i.I2C_AcknowledgeConfig)
    I2C_Cmd                                  0x08001809   Thumb Code    24  stm32f10x_i2c.o(i.I2C_Cmd)
    I2C_DeInit                               0x08001821   Thumb Code    50  stm32f10x_i2c.o(i.I2C_DeInit)
    I2C_GenerateSTART                        0x08001859   Thumb Code    24  stm32f10x_i2c.o(i.I2C_GenerateSTART)
    I2C_GenerateSTOP                         0x08001871   Thumb Code    24  stm32f10x_i2c.o(i.I2C_GenerateSTOP)
    I2C_GetFlagStatus                        0x08001889   Thumb Code    58  stm32f10x_i2c.o(i.I2C_GetFlagStatus)
    I2C_Init                                 0x080018c5   Thumb Code   222  stm32f10x_i2c.o(i.I2C_Init)
    I2C_ReceiveData                          0x080019b1   Thumb Code     8  stm32f10x_i2c.o(i.I2C_ReceiveData)
    I2C_Send7bitAddress                      0x080019b9   Thumb Code    18  stm32f10x_i2c.o(i.I2C_Send7bitAddress)
    I2C_SendData                             0x080019cb   Thumb Code     4  stm32f10x_i2c.o(i.I2C_SendData)
    NRF24L01_Check                           0x080019d1   Thumb Code    56  nrf24l01.o(i.NRF24L01_Check)
    NRF24L01_ClearIRQFlag                    0x08001a11   Thumb Code    14  nrf24l01.o(i.NRF24L01_ClearIRQFlag)
    NRF24L01_FlushTX                         0x08001a1f   Thumb Code    12  nrf24l01.o(i.NRF24L01_FlushTX)
    NRF24L01_Init                            0x08001a2b   Thumb Code    12  nrf24l01.o(i.NRF24L01_Init)
    NRF24L01_RX_Mode                         0x08001a39   Thumb Code    48  nrf24l01.o(i.NRF24L01_RX_Mode)
    NRF24L01_Read_Reg                        0x08001a6d   Thumb Code    38  nrf24l01.o(i.NRF24L01_Read_Reg)
    NRF24L01_Read_To_Buf                     0x08001a99   Thumb Code    62  nrf24l01.o(i.NRF24L01_Read_To_Buf)
    NRF24L01_RxPacket                        0x08001add   Thumb Code    58  nrf24l01.o(i.NRF24L01_RxPacket)
    NRF24L01_TX_Mode                         0x08001b1d   Thumb Code    48  nrf24l01.o(i.NRF24L01_TX_Mode)
    NRF24L01_TxPacket                        0x08001b51   Thumb Code   122  nrf24l01.o(i.NRF24L01_TxPacket)
    NRF24L01_Write_From_Buf                  0x08001bd1   Thumb Code    60  nrf24l01.o(i.NRF24L01_Write_From_Buf)
    NRF24L01_Write_Reg                       0x08001c11   Thumb Code    82  nrf24l01.o(i.NRF24L01_Write_Reg)
    NVIC_Init                                0x08001c69   Thumb Code   100  misc.o(i.NVIC_Init)
    NVIC_PriorityGroupConfig                 0x08001cd9   Thumb Code    10  misc.o(i.NVIC_PriorityGroupConfig)
    RCC_APB1PeriphClockCmd                   0x08001ced   Thumb Code    26  stm32f10x_rcc.o(i.RCC_APB1PeriphClockCmd)
    RCC_APB1PeriphResetCmd                   0x08001d0d   Thumb Code    26  stm32f10x_rcc.o(i.RCC_APB1PeriphResetCmd)
    RCC_APB2PeriphClockCmd                   0x08001d2d   Thumb Code    26  stm32f10x_rcc.o(i.RCC_APB2PeriphClockCmd)
    RCC_APB2PeriphResetCmd                   0x08001d4d   Thumb Code    26  stm32f10x_rcc.o(i.RCC_APB2PeriphResetCmd)
    RCC_GetClocksFreq                        0x08001d6d   Thumb Code   192  stm32f10x_rcc.o(i.RCC_GetClocksFreq)
    SPI_Cmd                                  0x08001e41   Thumb Code    24  stm32f10x_spi.o(i.SPI_Cmd)
    SPI_I2S_DeInit                           0x08001e59   Thumb Code    76  stm32f10x_spi.o(i.SPI_I2S_DeInit)
    SPI_I2S_GetFlagStatus                    0x08001eb1   Thumb Code    18  stm32f10x_spi.o(i.SPI_I2S_GetFlagStatus)
    SPI_I2S_ReceiveData                      0x08001ec3   Thumb Code     6  stm32f10x_spi.o(i.SPI_I2S_ReceiveData)
    SPI_I2S_SendData                         0x08001ec9   Thumb Code     4  stm32f10x_spi.o(i.SPI_I2S_SendData)
    SPI_Init                                 0x08001ecd   Thumb Code    60  stm32f10x_spi.o(i.SPI_Init)
    SysTick_Handler                          0x08001ff1   Thumb Code    46  port.o(i.SysTick_Handler)
    SystemInit                               0x08002025   Thumb Code    78  system_stm32f10x.o(i.SystemInit)
    TIM_ARRPreloadConfig                     0x08002085   Thumb Code    24  stm32f10x_tim.o(i.TIM_ARRPreloadConfig)
    TIM_Cmd                                  0x0800209d   Thumb Code    24  stm32f10x_tim.o(i.TIM_Cmd)
    TIM_OC1Init                              0x080020b5   Thumb Code   132  stm32f10x_tim.o(i.TIM_OC1Init)
    TIM_OC1PreloadConfig                     0x0800214d   Thumb Code    18  stm32f10x_tim.o(i.TIM_OC1PreloadConfig)
    TIM_OC2Init                              0x08002161   Thumb Code   154  stm32f10x_tim.o(i.TIM_OC2Init)
    TIM_OC2PreloadConfig                     0x08002205   Thumb Code    26  stm32f10x_tim.o(i.TIM_OC2PreloadConfig)
    TIM_OC3Init                              0x08002221   Thumb Code   150  stm32f10x_tim.o(i.TIM_OC3Init)
    TIM_OC3PreloadConfig                     0x080022c1   Thumb Code    18  stm32f10x_tim.o(i.TIM_OC3PreloadConfig)
    TIM_OC4Init                              0x080022d5   Thumb Code   114  stm32f10x_tim.o(i.TIM_OC4Init)
    TIM_OC4PreloadConfig                     0x08002351   Thumb Code    26  stm32f10x_tim.o(i.TIM_OC4PreloadConfig)
    TIM_OCStructInit                         0x0800236b   Thumb Code    20  stm32f10x_tim.o(i.TIM_OCStructInit)
    TIM_SetCompare1                          0x0800237f   Thumb Code     4  stm32f10x_tim.o(i.TIM_SetCompare1)
    TIM_SetCompare2                          0x08002383   Thumb Code     4  stm32f10x_tim.o(i.TIM_SetCompare2)
    TIM_SetCompare3                          0x08002387   Thumb Code     4  stm32f10x_tim.o(i.TIM_SetCompare3)
    TIM_SetCompare4                          0x0800238b   Thumb Code     6  stm32f10x_tim.o(i.TIM_SetCompare4)
    TIM_TimeBaseInit                         0x08002391   Thumb Code   122  stm32f10x_tim.o(i.TIM_TimeBaseInit)
    TIM_TimeBaseStructInit                   0x08002435   Thumb Code    18  stm32f10x_tim.o(i.TIM_TimeBaseStructInit)
    USART1_IRQHandler                        0x08002449   Thumb Code    86  uart.o(i.USART1_IRQHandler)
    USART_ClearITPendingBit                  0x080024a9   Thumb Code    30  stm32f10x_usart.o(i.USART_ClearITPendingBit)
    USART_Cmd                                0x080024c7   Thumb Code    24  stm32f10x_usart.o(i.USART_Cmd)
    USART_GetFlagStatus                      0x080024df   Thumb Code    26  stm32f10x_usart.o(i.USART_GetFlagStatus)
    USART_GetITStatus                        0x080024f9   Thumb Code    84  stm32f10x_usart.o(i.USART_GetITStatus)
    USART_ITConfig                           0x0800254d   Thumb Code    74  stm32f10x_usart.o(i.USART_ITConfig)
    USART_Init                               0x08002599   Thumb Code   210  stm32f10x_usart.o(i.USART_Init)
    USART_ReceiveData                        0x08002671   Thumb Code    10  stm32f10x_usart.o(i.USART_ReceiveData)
    USART_SendData                           0x0800267b   Thumb Code     8  stm32f10x_usart.o(i.USART_SendData)
    __ARM_fpclassify                         0x080026c3   Thumb Code    40  fpclassify.o(i.__ARM_fpclassify)
    __ARM_fpclassifyf                        0x080026eb   Thumb Code    38  fpclassifyf.o(i.__ARM_fpclassifyf)
    __mathlib_flt_infnan                     0x08002711   Thumb Code     6  funder.o(i.__mathlib_flt_infnan)
    __mathlib_flt_infnan2                    0x08002717   Thumb Code     4  funder.o(i.__mathlib_flt_infnan2)
    __mathlib_flt_invalid                    0x0800271b   Thumb Code     8  funder.o(i.__mathlib_flt_invalid)
    __mathlib_flt_underflow                  0x08002723   Thumb Code    10  funder.o(i.__mathlib_flt_underflow)
    _is_digit                                0x0800272d   Thumb Code    14  __printf_wp.o(i._is_digit)
    _sys_exit                                0x0800273b   Thumb Code     4  uart.o(i._sys_exit)
    asinf                                    0x08002741   Thumb Code   254  asinf.o(i.asinf)
    atan2f                                   0x08002865   Thumb Code   528  atan2f.o(i.atan2f)
    cascade_pid_init                         0x08002ac1   Thumb Code   138  cascade_pid.o(i.cascade_pid_init)
    cascade_pid_motor_output                 0x08002b99   Thumb Code    48  cascade_pid.o(i.cascade_pid_motor_output)
    cascade_pid_update                       0x08002bc9   Thumb Code  1190  cascade_pid.o(i.cascade_pid_update)
    fputc                                    0x08003091   Thumb Code    36  uart.o(i.fputc)
    hu_m40_checksum                          0x080030b9   Thumb Code    28  communication.o(i.hu_m40_checksum)
    hu_m40_receive_frame                     0x080030d5   Thumb Code    12  communication.o(i.hu_m40_receive_frame)
    hu_m40_send_ack                          0x080030e1   Thumb Code    78  communication.o(i.hu_m40_send_ack)
    init                                     0x08003589   Thumb Code    18  main.o(i.init)
    m8520_init                               0x080035a1   Thumb Code   212  m8520.o(i.m8520_init)
    m8520_set_throttle                       0x08003679   Thumb Code    96  m8520.o(i.m8520_set_throttle)
    m8520_unlock                             0x080036d9   Thumb Code    92  m8520.o(i.m8520_unlock)
    mahony_get_euler                         0x08003735   Thumb Code   280  attitude.o(i.mahony_get_euler)
    mahony_init                              0x0800385d   Thumb Code    42  attitude.o(i.mahony_init)
    mahony_update                            0x080038a9   Thumb Code   998  attitude.o(i.mahony_update)
    main                                     0x08003cb5   Thumb Code   128  main.o(i.main)
    mpu6050_calibrate_gyro                   0x08003e21   Thumb Code   204  mpu6050.o(i.mpu6050_calibrate_gyro)
    mpu6050_get_acce                         0x08003f31   Thumb Code   130  mpu6050.o(i.mpu6050_get_acce)
    mpu6050_get_gyro                         0x08003fb9   Thumb Code   166  mpu6050.o(i.mpu6050_get_gyro)
    mpu6050_get_i2c_total_errors             0x08004071   Thumb Code     6  mpu6050.o(i.mpu6050_get_i2c_total_errors)
    mpu6050_init                             0x0800407d   Thumb Code   122  mpu6050.o(i.mpu6050_init)
    pid_init                                 0x08004109   Thumb Code    24  cascade_pid.o(i.pid_init)
    pid_reset                                0x08004121   Thumb Code     8  cascade_pid.o(i.pid_reset)
    pid_update                               0x08004129   Thumb Code   248  cascade_pid.o(i.pid_update)
    pvPortMalloc                             0x08004bc9   Thumb Code   296  heap_4.o(i.pvPortMalloc)
    pvTaskIncrementMutexHeldCount            0x08004d05   Thumb Code    26  tasks.o(i.pvTaskIncrementMutexHeldCount)
    pxPortInitialiseStack                    0x08004d25   Thumb Code    30  port.o(i.pxPortInitialiseStack)
    sqrtf                                    0x08004e79   Thumb Code    44  sqrtf.o(i.sqrtf)
    task_usart1_print                        0x08004ea5   Thumb Code   112  uart.o(i.task_usart1_print)
    task_usart1_recv                         0x08004f25   Thumb Code    76  uart.o(i.task_usart1_recv)
    uart1_init                               0x08004f81   Thumb Code   190  uart.o(i.uart1_init)
    uxListRemove                             0x08005051   Thumb Code    40  list.o(i.uxListRemove)
    vListInitialise                          0x08005079   Thumb Code    26  list.o(i.vListInitialise)
    vListInitialiseItem                      0x08005093   Thumb Code     6  list.o(i.vListInitialiseItem)
    vListInsert                              0x08005099   Thumb Code    52  list.o(i.vListInsert)
    vListInsertEnd                           0x080050cd   Thumb Code    24  list.o(i.vListInsertEnd)
    vPortEndScheduler                        0x080050e5   Thumb Code    42  port.o(i.vPortEndScheduler)
    vPortEnterCritical                       0x08005115   Thumb Code    76  port.o(i.vPortEnterCritical)
    vPortExitCritical                        0x08005169   Thumb Code    56  port.o(i.vPortExitCritical)
    vPortFree                                0x080051a5   Thumb Code   140  heap_4.o(i.vPortFree)
    vPortSetupTimerInterrupt                 0x08005239   Thumb Code    26  port.o(i.vPortSetupTimerInterrupt)
    vPortValidateInterruptPriority           0x08005259   Thumb Code   106  port.o(i.vPortValidateInterruptPriority)
    vQueueAddToRegistry                      0x080052d1   Thumb Code    38  queue.o(i.vQueueAddToRegistry)
    vQueueWaitForMessageRestricted           0x080052fd   Thumb Code    74  queue.o(i.vQueueWaitForMessageRestricted)
    vTask1                                   0x08005349   Thumb Code    78  main.o(i.vTask1)
    vTaskDelay                               0x0800539d   Thumb Code    82  tasks.o(i.vTaskDelay)
    vTaskDelete                              0x080053f9   Thumb Code   202  tasks.o(i.vTaskDelete)
    vTaskEndScheduler                        0x080054ed   Thumb Code    32  tasks.o(i.vTaskEndScheduler)
    vTaskFCDebug                             0x08005511   Thumb Code  1816  electronic_speed_controller.o(i.vTaskFCDebug)
    vTaskMissedYield                         0x08005c51   Thumb Code     8  tasks.o(i.vTaskMissedYield)
    vTaskPlaceOnEventList                    0x08005c5d   Thumb Code    52  tasks.o(i.vTaskPlaceOnEventList)
    vTaskPlaceOnEventListRestricted          0x08005c95   Thumb Code    60  tasks.o(i.vTaskPlaceOnEventListRestricted)
    vTaskPriorityInherit                     0x08005cd5   Thumb Code   164  tasks.o(i.vTaskPriorityInherit)
    vTaskRCReceiver                          0x08005d85   Thumb Code   330  communication.o(i.vTaskRCReceiver)
    vTaskSetTimeOutState                     0x08005f61   Thumb Code    38  tasks.o(i.vTaskSetTimeOutState)
    vTaskStartScheduler                      0x08005f91   Thumb Code   118  tasks.o(i.vTaskStartScheduler)
    vTaskSuspendAll                          0x08006025   Thumb Code    12  tasks.o(i.vTaskSuspendAll)
    vTaskSwitchContext                       0x08006035   Thumb Code   118  tasks.o(i.vTaskSwitchContext)
    xPortStartScheduler                      0x080060c1   Thumb Code   140  port.o(i.xPortStartScheduler)
    xQueueCreateMutex                        0x08006161   Thumb Code    34  queue.o(i.xQueueCreateMutex)
    xQueueGenericCreate                      0x08006183   Thumb Code    88  queue.o(i.xQueueGenericCreate)
    xQueueGenericReceive                     0x080061dd   Thumb Code   446  queue.o(i.xQueueGenericReceive)
    xQueueGenericReset                       0x080063a1   Thumb Code   146  queue.o(i.xQueueGenericReset)
    xQueueGenericSend                        0x08006439   Thumb Code   420  queue.o(i.xQueueGenericSend)
    xQueueGenericSendFromISR                 0x080065e1   Thumb Code   248  queue.o(i.xQueueGenericSendFromISR)
    xTaskCheckForTimeOut                     0x080066d9   Thumb Code   132  tasks.o(i.xTaskCheckForTimeOut)
    xTaskCreate                              0x08006765   Thumb Code    96  tasks.o(i.xTaskCreate)
    xTaskGetSchedulerState                   0x080067c5   Thumb Code    24  tasks.o(i.xTaskGetSchedulerState)
    xTaskGetTickCount                        0x080067e5   Thumb Code     6  tasks.o(i.xTaskGetTickCount)
    xTaskIncrementTick                       0x080067f1   Thumb Code   282  tasks.o(i.xTaskIncrementTick)
    xTaskPriorityDisinherit                  0x08006939   Thumb Code   188  tasks.o(i.xTaskPriorityDisinherit)
    xTaskRemoveFromEventList                 0x08006a01   Thumb Code   128  tasks.o(i.xTaskRemoveFromEventList)
    xTaskResumeAll                           0x08006a99   Thumb Code   224  tasks.o(i.xTaskResumeAll)
    xTimerCreateTimerTask                    0x08006b9d   Thumb Code    66  timers.o(i.xTimerCreateTimerTask)
    xTimerGenericCommand                     0x08006bf5   Thumb Code   126  timers.o(i.xTimerGenericCommand)
    _get_lc_numeric                          0x08006c79   Thumb Code    44  lc_numeric_c.o(locale$$code)
    __fpl_dretinf                            0x08006ca5   Thumb Code    12  dretinf.o(x$fpl$dretinf)
    __aeabi_f2d                              0x08006cb1   Thumb Code     0  f2d.o(x$fpl$f2d)
    _f2d                                     0x08006cb1   Thumb Code    86  f2d.o(x$fpl$f2d)
    __aeabi_fadd                             0x08006d09   Thumb Code     0  faddsub_clz.o(x$fpl$fadd)
    _fadd                                    0x08006d09   Thumb Code   196  faddsub_clz.o(x$fpl$fadd)
    __fpl_fcheck_NaN1                        0x08006dcd   Thumb Code     6  fcheck1.o(x$fpl$fcheck1)
    __fpl_fcmp_Inf                           0x08006dd9   Thumb Code    24  fcmpi.o(x$fpl$fcmpinf)
    __aeabi_fdiv                             0x08006df1   Thumb Code     0  fdiv.o(x$fpl$fdiv)
    _fdiv                                    0x08006df1   Thumb Code   384  fdiv.o(x$fpl$fdiv)
    __aeabi_f2iz                             0x08006f75   Thumb Code     0  ffix.o(x$fpl$ffix)
    _ffix                                    0x08006f75   Thumb Code    54  ffix.o(x$fpl$ffix)
    __aeabi_f2uiz                            0x08006fad   Thumb Code     0  ffixu.o(x$fpl$ffixu)
    _ffixu                                   0x08006fad   Thumb Code    62  ffixu.o(x$fpl$ffixu)
    __aeabi_i2f                              0x08006fed   Thumb Code     0  fflt_clz.o(x$fpl$fflt)
    _fflt                                    0x08006fed   Thumb Code    48  fflt_clz.o(x$fpl$fflt)
    __aeabi_ui2f                             0x0800701d   Thumb Code     0  fflt_clz.o(x$fpl$ffltu)
    _ffltu                                   0x0800701d   Thumb Code    38  fflt_clz.o(x$fpl$ffltu)
    __aeabi_cfcmple                          0x08007045   Thumb Code     0  fleqf.o(x$fpl$fleqf)
    _fcmple                                  0x08007045   Thumb Code   104  fleqf.o(x$fpl$fleqf)
    __fpl_fcmple_InfNaN                      0x08007097   Thumb Code     0  fleqf.o(x$fpl$fleqf)
    __aeabi_fmul                             0x080070ad   Thumb Code     0  fmul.o(x$fpl$fmul)
    _fmul                                    0x080070ad   Thumb Code   258  fmul.o(x$fpl$fmul)
    __fpl_fnaninf                            0x080071af   Thumb Code   140  fnaninf.o(x$fpl$fnaninf)
    __fpl_fretinf                            0x0800723b   Thumb Code    10  fretinf.o(x$fpl$fretinf)
    __aeabi_cfrcmple                         0x08007245   Thumb Code     0  frleqf.o(x$fpl$frleqf)
    _frcmple                                 0x08007245   Thumb Code    98  frleqf.o(x$fpl$frleqf)
    __aeabi_frsub                            0x080072a7   Thumb Code     0  faddsub_clz.o(x$fpl$frsb)
    _frsb                                    0x080072a7   Thumb Code    20  faddsub_clz.o(x$fpl$frsb)
    _fsqrt                                   0x080072bd   Thumb Code   272  fsqrt.o(x$fpl$fsqrt)
    __aeabi_fsub                             0x080073cd   Thumb Code     0  faddsub_clz.o(x$fpl$fsub)
    _fsub                                    0x080073cd   Thumb Code   234  faddsub_clz.o(x$fpl$fsub)
    _printf_fp_dec                           0x080074b7   Thumb Code     4  printf1.o(x$fpl$printf1)
    __fpl_return_NaN                         0x080074bb   Thumb Code   100  retnan.o(x$fpl$retnan)
    __ARM_scalbnf                            0x0800751f   Thumb Code    76  scalbnf.o(x$fpl$scalbnf)
    __fpl_cmpreturn                          0x0800756b   Thumb Code    48  trapv.o(x$fpl$trapveneer)
    __I$use$fp                               0x0800759a   Number         0  usenofp.o(x$fpl$usenofp)
    Region$$Table$$Base                      0x0800774c   Number         0  anon$$obj.o(Region$$Table)
    Region$$Table$$Limit                     0x0800776c   Number         0  anon$$obj.o(Region$$Table)
    usart1_recvTaskHandle                    0x20000000   Data           4  main.o(.data)
    usart1_printTaskHandle                   0x20000004   Data           4  main.o(.data)
    g_rx_addr                                0x20000028   Data           5  communication.o(.data)
    g_tx_addr                                0x2000002d   Data           5  communication.o(.data)
    g_rc_connected                           0x20000032   Data           1  communication.o(.data)
    g_rc_queue                               0x20000034   Data           4  communication.o(.data)
    g_angle_kp                               0x20000038   Data           4  cascade_pid.o(.data)
    g_target_roll                            0x2000003c   Data           4  cascade_pid.o(.data)
    g_target_pitch                           0x20000040   Data           4  cascade_pid.o(.data)
    g_target_yaw_rate                        0x20000044   Data           4  cascade_pid.o(.data)
    g_base_throttle                          0x20000048   Data           2  cascade_pid.o(.data)
    g_fc_armed                               0x2000004a   Data           1  cascade_pid.o(.data)
    g_fc_failsafe                            0x2000004b   Data           1  cascade_pid.o(.data)
    g_fc_state                               0x2000004c   Data           1  cascade_pid.o(.data)
    g_motor_output                           0x2000004e   Data           8  cascade_pid.o(.data)
    usart1_recvQueue                         0x20000088   Data           4  uart.o(.data)
    usart1_sendQueue                         0x2000008c   Data           4  uart.o(.data)
    __stdout                                 0x20000090   Data           4  uart.o(.data)
    __stdin                                  0x20000094   Data           4  uart.o(.data)
    pxCurrentTCB                             0x2000009c   Data           4  tasks.o(.data)
    SystemCoreClock                          0x20000124   Data           4  system_stm32f10x.o(.data)
    AHBPrescTable                            0x20000128   Data          16  system_stm32f10x.o(.data)
    g_rc_data                                0x20000138   Data          16  communication.o(.bss)
    g_pid_rate_roll                          0x20000148   Data          28  cascade_pid.o(.bss)
    g_pid_rate_pitch                         0x20000164   Data          28  cascade_pid.o(.bss)
    g_pid_rate_yaw                           0x20000180   Data          28  cascade_pid.o(.bss)
    xQueueRegistry                           0x200002bc   Data          64  queue.o(.bss)
    __libspace_start                         0x200023ec   Data          96  libspace.o(.bss)
    __temporary_stack_top$libspace           0x2000244c   Data           0  libspace.o(.bss)



==============================================================================

Memory Map of the image

  Image Entry point : 0x080000ed

  Load Region LR_IROM1 (Base: 0x08000000, Size: 0x000078c0, Max: 0x00010000, ABSOLUTE, COMPRESSED[0x000077b8])

    Execution Region ER_IROM1 (Base: 0x08000000, Size: 0x00007788, Max: 0x00010000, ABSOLUTE)

    Base Addr    Size         Type   Attr      Idx    E Section Name        Object

    0x08000000   0x000000ec   Data   RO         3482    RESET               startup_stm32f10x_md.o
    0x080000ec   0x00000008   Code   RO         3606  * !!!main             c_w.l(__main.o)
    0x080000f4   0x00000034   Code   RO         3920    !!!scatter          c_w.l(__scatter.o)
    0x08000128   0x0000005a   Code   RO         3918    !!dczerorl2         c_w.l(__dczerorl2.o)
    0x08000182   0x00000002   PAD
    0x08000184   0x0000001c   Code   RO         3922    !!handler_zi        c_w.l(__scatter_zi.o)
    0x080001a0   0x00000000   Code   RO         3593    .ARM.Collect$$_printf_percent$$00000000  c_w.l(_printf_percent.o)
    0x080001a0   0x00000006   Code   RO         3592    .ARM.Collect$$_printf_percent$$00000003  c_w.l(_printf_f.o)
    0x080001a6   0x00000006   Code   RO         3590    .ARM.Collect$$_printf_percent$$00000009  c_w.l(_printf_d.o)
    0x080001ac   0x00000006   Code   RO         3591    .ARM.Collect$$_printf_percent$$0000000A  c_w.l(_printf_u.o)
    0x080001b2   0x00000006   Code   RO         3588    .ARM.Collect$$_printf_percent$$00000014  c_w.l(_printf_s.o)
    0x080001b8   0x00000004   Code   RO         3677    .ARM.Collect$$_printf_percent$$00000017  c_w.l(_printf_percent_end.o)
    0x080001bc   0x00000002   Code   RO         3792    .ARM.Collect$$libinit$$00000000  c_w.l(libinit.o)
    0x080001be   0x00000000   Code   RO         3794    .ARM.Collect$$libinit$$00000002  c_w.l(libinit2.o)
    0x080001be   0x00000000   Code   RO         3796    .ARM.Collect$$libinit$$00000004  c_w.l(libinit2.o)
    0x080001be   0x00000000   Code   RO         3799    .ARM.Collect$$libinit$$0000000A  c_w.l(libinit2.o)
    0x080001be   0x00000000   Code   RO         3801    .ARM.Collect$$libinit$$0000000C  c_w.l(libinit2.o)
    0x080001be   0x00000000   Code   RO         3803    .ARM.Collect$$libinit$$0000000E  c_w.l(libinit2.o)
    0x080001be   0x00000006   Code   RO         3804    .ARM.Collect$$libinit$$0000000F  c_w.l(libinit2.o)
    0x080001c4   0x00000000   Code   RO         3806    .ARM.Collect$$libinit$$00000011  c_w.l(libinit2.o)
    0x080001c4   0x00000000   Code   RO         3808    .ARM.Collect$$libinit$$00000013  c_w.l(libinit2.o)
    0x080001c4   0x00000000   Code   RO         3810    .ARM.Collect$$libinit$$00000015  c_w.l(libinit2.o)
    0x080001c4   0x0000000a   Code   RO         3811    .ARM.Collect$$libinit$$00000016  c_w.l(libinit2.o)
    0x080001ce   0x00000000   Code   RO         3812    .ARM.Collect$$libinit$$00000017  c_w.l(libinit2.o)
    0x080001ce   0x00000000   Code   RO         3814    .ARM.Collect$$libinit$$00000019  c_w.l(libinit2.o)
    0x080001ce   0x00000000   Code   RO         3816    .ARM.Collect$$libinit$$0000001B  c_w.l(libinit2.o)
    0x080001ce   0x00000000   Code   RO         3818    .ARM.Collect$$libinit$$0000001D  c_w.l(libinit2.o)
    0x080001ce   0x00000000   Code   RO         3820    .ARM.Collect$$libinit$$0000001F  c_w.l(libinit2.o)
    0x080001ce   0x00000000   Code   RO         3822    .ARM.Collect$$libinit$$00000021  c_w.l(libinit2.o)
    0x080001ce   0x00000000   Code   RO         3824    .ARM.Collect$$libinit$$00000023  c_w.l(libinit2.o)
    0x080001ce   0x00000000   Code   RO         3826    .ARM.Collect$$libinit$$00000025  c_w.l(libinit2.o)
    0x080001ce   0x00000000   Code   RO         3830    .ARM.Collect$$libinit$$0000002C  c_w.l(libinit2.o)
    0x080001ce   0x00000000   Code   RO         3832    .ARM.Collect$$libinit$$0000002E  c_w.l(libinit2.o)
    0x080001ce   0x00000000   Code   RO         3834    .ARM.Collect$$libinit$$00000030  c_w.l(libinit2.o)
    0x080001ce   0x00000000   Code   RO         3836    .ARM.Collect$$libinit$$00000032  c_w.l(libinit2.o)
    0x080001ce   0x00000002   Code   RO         3837    .ARM.Collect$$libinit$$00000033  c_w.l(libinit2.o)
    0x080001d0   0x00000002   Code   RO         3869    .ARM.Collect$$libshutdown$$00000000  c_w.l(libshutdown.o)
    0x080001d2   0x00000000   Code   RO         3881    .ARM.Collect$$libshutdown$$00000003  c_w.l(libshutdown2.o)
    0x080001d2   0x00000000   Code   RO         3884    .ARM.Collect$$libshutdown$$00000006  c_w.l(libshutdown2.o)
    0x080001d2   0x00000000   Code   RO         3887    .ARM.Collect$$libshutdown$$00000009  c_w.l(libshutdown2.o)
    0x080001d2   0x00000000   Code   RO         3889    .ARM.Collect$$libshutdown$$0000000B  c_w.l(libshutdown2.o)
    0x080001d2   0x00000000   Code   RO         3892    .ARM.Collect$$libshutdown$$0000000E  c_w.l(libshutdown2.o)
    0x080001d2   0x00000002   Code   RO         3893    .ARM.Collect$$libshutdown$$0000000F  c_w.l(libshutdown2.o)
    0x080001d4   0x00000000   Code   RO         3666    .ARM.Collect$$rtentry$$00000000  c_w.l(__rtentry.o)
    0x080001d4   0x00000000   Code   RO         3708    .ARM.Collect$$rtentry$$00000002  c_w.l(__rtentry2.o)
    0x080001d4   0x00000006   Code   RO         3720    .ARM.Collect$$rtentry$$00000004  c_w.l(__rtentry4.o)
    0x080001da   0x00000000   Code   RO         3710    .ARM.Collect$$rtentry$$00000009  c_w.l(__rtentry2.o)
    0x080001da   0x00000004   Code   RO         3711    .ARM.Collect$$rtentry$$0000000A  c_w.l(__rtentry2.o)
    0x080001de   0x00000000   Code   RO         3713    .ARM.Collect$$rtentry$$0000000C  c_w.l(__rtentry2.o)
    0x080001de   0x00000008   Code   RO         3714    .ARM.Collect$$rtentry$$0000000D  c_w.l(__rtentry2.o)
    0x080001e6   0x00000002   Code   RO         3840    .ARM.Collect$$rtexit$$00000000  c_w.l(rtexit.o)
    0x080001e8   0x00000000   Code   RO         3849    .ARM.Collect$$rtexit$$00000002  c_w.l(rtexit2.o)
    0x080001e8   0x00000004   Code   RO         3850    .ARM.Collect$$rtexit$$00000003  c_w.l(rtexit2.o)
    0x080001ec   0x00000006   Code   RO         3851    .ARM.Collect$$rtexit$$00000004  c_w.l(rtexit2.o)
    0x080001f2   0x00000002   PAD
    0x080001f4   0x00000096   Code   RO         1724    .emb_text           port.o
    0x0800028a   0x00000002   PAD
    0x0800028c   0x00000040   Code   RO         3483    .text               startup_stm32f10x_md.o
    0x080002cc   0x00000018   Code   RO         3537    .text               c_w.l(noretval__2printf.o)
    0x080002e4   0x0000004e   Code   RO         3541    .text               c_w.l(_printf_pad.o)
    0x08000332   0x00000052   Code   RO         3543    .text               c_w.l(_printf_str.o)
    0x08000384   0x00000078   Code   RO         3545    .text               c_w.l(_printf_dec.o)
    0x080003fc   0x00000188   Code   RO         3585    .text               c_w.l(__printf_flags_ss_wp.o)
    0x08000584   0x0000008a   Code   RO         3594    .text               c_w.l(rt_memcpy_v6.o)
    0x0800060e   0x00000064   Code   RO         3596    .text               c_w.l(rt_memcpy_w.o)
    0x08000672   0x00000010   Code   RO         3598    .text               c_w.l(aeabi_memset.o)
    0x08000682   0x00000044   Code   RO         3600    .text               c_w.l(rt_memclr.o)
    0x080006c6   0x0000004e   Code   RO         3602    .text               c_w.l(rt_memclr_w.o)
    0x08000714   0x00000006   Code   RO         3604    .text               c_w.l(heapauxi.o)
    0x0800071a   0x00000016   Code   RO         3667    .text               c_w.l(_rserrno.o)
    0x08000730   0x000000b2   Code   RO         3669    .text               c_w.l(_printf_intcommon.o)
    0x080007e2   0x0000041a   Code   RO         3671    .text               c_w.l(_printf_fp_dec.o)
    0x08000bfc   0x0000002c   Code   RO         3673    .text               c_w.l(_printf_char.o)
    0x08000c28   0x00000024   Code   RO         3675    .text               c_w.l(_printf_char_file.o)
    0x08000c4c   0x00000008   Code   RO         3725    .text               c_w.l(rt_locale_intlibspace.o)
    0x08000c54   0x00000008   Code   RO         3730    .text               c_w.l(rt_errno_addr_intlibspace.o)
    0x08000c5c   0x0000008a   Code   RO         3732    .text               c_w.l(lludiv10.o)
    0x08000ce6   0x00000002   PAD
    0x08000ce8   0x00000030   Code   RO         3734    .text               c_w.l(_printf_char_common.o)
    0x08000d18   0x00000080   Code   RO         3736    .text               c_w.l(_printf_fp_infnan.o)
    0x08000d98   0x000000dc   Code   RO         3738    .text               c_w.l(bigflt0.o)
    0x08000e74   0x00000008   Code   RO         3763    .text               c_w.l(ferror.o)
    0x08000e7c   0x00000008   Code   RO         3776    .text               c_w.l(libspace.o)
    0x08000e84   0x0000004a   Code   RO         3779    .text               c_w.l(sys_stackheap_outer.o)
    0x08000ece   0x0000000c   Code   RO         3783    .text               c_w.l(exit.o)
    0x08000eda   0x00000002   PAD
    0x08000edc   0x00000080   Code   RO         3785    .text               c_w.l(strcmpv7m.o)
    0x08000f5c   0x0000003e   Code   RO         3741    CL$$btod_d2e        c_w.l(btod.o)
    0x08000f9a   0x00000046   Code   RO         3743    CL$$btod_d2e_denorm_low  c_w.l(btod.o)
    0x08000fe0   0x00000060   Code   RO         3742    CL$$btod_d2e_norm_op1  c_w.l(btod.o)
    0x08001040   0x00000338   Code   RO         3751    CL$$btod_div_common  c_w.l(btod.o)
    0x08001378   0x000000c6   Code   RO         3748    CL$$btod_e2e        c_w.l(btod.o)
    0x0800143e   0x00000028   Code   RO         3745    CL$$btod_ediv       c_w.l(btod.o)
    0x08001466   0x00000028   Code   RO         3744    CL$$btod_emul       c_w.l(btod.o)
    0x0800148e   0x00000244   Code   RO         3750    CL$$btod_mult_common  c_w.l(btod.o)
    0x080016d2   0x00000116   Code   RO         2027    i.GPIO_Init         stm32f10x_gpio.o
    0x080017e8   0x00000004   Code   RO         2034    i.GPIO_ResetBits    stm32f10x_gpio.o
    0x080017ec   0x00000004   Code   RO         2035    i.GPIO_SetBits      stm32f10x_gpio.o
    0x080017f0   0x00000018   Code   RO         2148    i.I2C_AcknowledgeConfig  stm32f10x_i2c.o
    0x08001808   0x00000018   Code   RO         2153    i.I2C_Cmd           stm32f10x_i2c.o
    0x08001820   0x00000038   Code   RO         2156    i.I2C_DeInit        stm32f10x_i2c.o
    0x08001858   0x00000018   Code   RO         2160    i.I2C_GenerateSTART  stm32f10x_i2c.o
    0x08001870   0x00000018   Code   RO         2161    i.I2C_GenerateSTOP  stm32f10x_i2c.o
    0x08001888   0x0000003a   Code   RO         2162    i.I2C_GetFlagStatus  stm32f10x_i2c.o
    0x080018c2   0x00000002   PAD
    0x080018c4   0x000000ec   Code   RO         2167    i.I2C_Init          stm32f10x_i2c.o
    0x080019b0   0x00000008   Code   RO         2172    i.I2C_ReceiveData   stm32f10x_i2c.o
    0x080019b8   0x00000012   Code   RO         2174    i.I2C_Send7bitAddress  stm32f10x_i2c.o
    0x080019ca   0x00000004   Code   RO         2175    i.I2C_SendData      stm32f10x_i2c.o
    0x080019ce   0x00000002   PAD
    0x080019d0   0x00000040   Code   RO          623    i.NRF24L01_Check    nrf24l01.o
    0x08001a10   0x0000000e   Code   RO          624    i.NRF24L01_ClearIRQFlag  nrf24l01.o
    0x08001a1e   0x0000000c   Code   RO          627    i.NRF24L01_FlushTX  nrf24l01.o
    0x08001a2a   0x0000000c   Code   RO          628    i.NRF24L01_Init     nrf24l01.o
    0x08001a36   0x00000002   PAD
    0x08001a38   0x00000034   Code   RO          629    i.NRF24L01_RX_Mode  nrf24l01.o
    0x08001a6c   0x0000002c   Code   RO          630    i.NRF24L01_Read_Reg  nrf24l01.o
    0x08001a98   0x00000044   Code   RO          631    i.NRF24L01_Read_To_Buf  nrf24l01.o
    0x08001adc   0x00000040   Code   RO          632    i.NRF24L01_RxPacket  nrf24l01.o
    0x08001b1c   0x00000034   Code   RO          633    i.NRF24L01_TX_Mode  nrf24l01.o
    0x08001b50   0x00000080   Code   RO          634    i.NRF24L01_TxPacket  nrf24l01.o
    0x08001bd0   0x00000040   Code   RO          635    i.NRF24L01_Write_From_Buf  nrf24l01.o
    0x08001c10   0x00000058   Code   RO          636    i.NRF24L01_Write_Reg  nrf24l01.o
    0x08001c68   0x00000070   Code   RO         1853    i.NVIC_Init         misc.o
    0x08001cd8   0x00000014   Code   RO         1854    i.NVIC_PriorityGroupConfig  misc.o
    0x08001cec   0x00000020   Code   RO         2365    i.RCC_APB1PeriphClockCmd  stm32f10x_rcc.o
    0x08001d0c   0x00000020   Code   RO         2366    i.RCC_APB1PeriphResetCmd  stm32f10x_rcc.o
    0x08001d2c   0x00000020   Code   RO         2367    i.RCC_APB2PeriphClockCmd  stm32f10x_rcc.o
    0x08001d4c   0x00000020   Code   RO         2368    i.RCC_APB2PeriphResetCmd  stm32f10x_rcc.o
    0x08001d6c   0x000000d4   Code   RO         2375    i.RCC_GetClocksFreq  stm32f10x_rcc.o
    0x08001e40   0x00000018   Code   RO         2580    i.SPI_Cmd           stm32f10x_spi.o
    0x08001e58   0x00000058   Code   RO         2587    i.SPI_I2S_DeInit    stm32f10x_spi.o
    0x08001eb0   0x00000012   Code   RO         2588    i.SPI_I2S_GetFlagStatus  stm32f10x_spi.o
    0x08001ec2   0x00000006   Code   RO         2591    i.SPI_I2S_ReceiveData  stm32f10x_spi.o
    0x08001ec8   0x00000004   Code   RO         2592    i.SPI_I2S_SendData  stm32f10x_spi.o
    0x08001ecc   0x0000003c   Code   RO         2593    i.SPI_Init          stm32f10x_spi.o
    0x08001f08   0x00000008   Code   RO         3490    i.SetSysClock       system_stm32f10x.o
    0x08001f10   0x000000e0   Code   RO         3491    i.SetSysClockTo72   system_stm32f10x.o
    0x08001ff0   0x00000034   Code   RO         1725    i.SysTick_Handler   port.o
    0x08002024   0x00000060   Code   RO         3493    i.SystemInit        system_stm32f10x.o
    0x08002084   0x00000018   Code   RO         2735    i.TIM_ARRPreloadConfig  stm32f10x_tim.o
    0x0800209c   0x00000018   Code   RO         2747    i.TIM_Cmd           stm32f10x_tim.o
    0x080020b4   0x00000098   Code   RO         2776    i.TIM_OC1Init       stm32f10x_tim.o
    0x0800214c   0x00000012   Code   RO         2779    i.TIM_OC1PreloadConfig  stm32f10x_tim.o
    0x0800215e   0x00000002   PAD
    0x08002160   0x000000a4   Code   RO         2781    i.TIM_OC2Init       stm32f10x_tim.o
    0x08002204   0x0000001a   Code   RO         2784    i.TIM_OC2PreloadConfig  stm32f10x_tim.o
    0x0800221e   0x00000002   PAD
    0x08002220   0x000000a0   Code   RO         2786    i.TIM_OC3Init       stm32f10x_tim.o
    0x080022c0   0x00000012   Code   RO         2789    i.TIM_OC3PreloadConfig  stm32f10x_tim.o
    0x080022d2   0x00000002   PAD
    0x080022d4   0x0000007c   Code   RO         2791    i.TIM_OC4Init       stm32f10x_tim.o
    0x08002350   0x0000001a   Code   RO         2793    i.TIM_OC4PreloadConfig  stm32f10x_tim.o
    0x0800236a   0x00000014   Code   RO         2794    i.TIM_OCStructInit  stm32f10x_tim.o
    0x0800237e   0x00000004   Code   RO         2808    i.TIM_SetCompare1   stm32f10x_tim.o
    0x08002382   0x00000004   Code   RO         2809    i.TIM_SetCompare2   stm32f10x_tim.o
    0x08002386   0x00000004   Code   RO         2810    i.TIM_SetCompare3   stm32f10x_tim.o
    0x0800238a   0x00000006   Code   RO         2811    i.TIM_SetCompare4   stm32f10x_tim.o
    0x08002390   0x000000a4   Code   RO         2818    i.TIM_TimeBaseInit  stm32f10x_tim.o
    0x08002434   0x00000012   Code   RO         2819    i.TIM_TimeBaseStructInit  stm32f10x_tim.o
    0x08002446   0x00000002   PAD
    0x08002448   0x00000060   Code   RO          782    i.USART1_IRQHandler  uart.o
    0x080024a8   0x0000001e   Code   RO         3292    i.USART_ClearITPendingBit  stm32f10x_usart.o
    0x080024c6   0x00000018   Code   RO         3295    i.USART_Cmd         stm32f10x_usart.o
    0x080024de   0x0000001a   Code   RO         3298    i.USART_GetFlagStatus  stm32f10x_usart.o
    0x080024f8   0x00000054   Code   RO         3299    i.USART_GetITStatus  stm32f10x_usart.o
    0x0800254c   0x0000004a   Code   RO         3301    i.USART_ITConfig    stm32f10x_usart.o
    0x08002596   0x00000002   PAD
    0x08002598   0x000000d8   Code   RO         3302    i.USART_Init        stm32f10x_usart.o
    0x08002670   0x0000000a   Code   RO         3309    i.USART_ReceiveData  stm32f10x_usart.o
    0x0800267a   0x00000008   Code   RO         3312    i.USART_SendData    stm32f10x_usart.o
    0x08002682   0x00000040   Code   RO          637    i._NRF24L01_Config  nrf24l01.o
    0x080026c2   0x00000028   Code   RO         3774    i.__ARM_fpclassify  m_ws.l(fpclassify.o)
    0x080026ea   0x00000026   Code   RO         3691    i.__ARM_fpclassifyf  m_ws.l(fpclassifyf.o)
    0x08002710   0x00000006   Code   RO         3694    i.__mathlib_flt_infnan  m_ws.l(funder.o)
    0x08002716   0x00000004   Code   RO         3695    i.__mathlib_flt_infnan2  m_ws.l(funder.o)
    0x0800271a   0x00000008   Code   RO         3696    i.__mathlib_flt_invalid  m_ws.l(funder.o)
    0x08002722   0x0000000a   Code   RO         3699    i.__mathlib_flt_underflow  m_ws.l(funder.o)
    0x0800272c   0x0000000e   Code   RO         3578    i._is_digit         c_w.l(__printf_wp.o)
    0x0800273a   0x00000004   Code   RO          783    i._sys_exit         uart.o
    0x0800273e   0x00000002   PAD
    0x08002740   0x00000124   Code   RO         3643    i.asinf             m_ws.l(asinf.o)
    0x08002864   0x0000025c   Code   RO         3651    i.atan2f            m_ws.l(atan2f.o)
    0x08002ac0   0x000000d8   Code   RO          298    i.cascade_pid_init  cascade_pid.o
    0x08002b98   0x00000030   Code   RO          299    i.cascade_pid_motor_output  cascade_pid.o
    0x08002bc8   0x000004ac   Code   RO          300    i.cascade_pid_update  cascade_pid.o
    0x08003074   0x0000001a   Code   RO          372    i.delay_us          mpu6050.o
    0x0800308e   0x00000002   PAD
    0x08003090   0x00000028   Code   RO          785    i.fputc             uart.o
    0x080030b8   0x0000001c   Code   RO          223    i.hu_m40_checksum   communication.o
    0x080030d4   0x0000000c   Code   RO          224    i.hu_m40_receive_frame  communication.o
    0x080030e0   0x00000058   Code   RO          225    i.hu_m40_send_ack   communication.o
    0x08003138   0x000000ac   Code   RO          373    i.i2c1_bus_reset    mpu6050.o
    0x080031e4   0x0000007c   Code   RO          374    i.i2c1_init         mpu6050.o
    0x08003260   0x00000040   Code   RO          375    i.i2c1_on_error     mpu6050.o
    0x080032a0   0x000001e0   Code   RO          376    i.i2c1_read_bytes   mpu6050.o
    0x08003480   0x00000108   Code   RO          377    i.i2c1_write_reg    mpu6050.o
    0x08003588   0x00000018   Code   RO            4    i.init              main.o
    0x080035a0   0x000000d8   Code   RO          743    i.m8520_init        m8520.o
    0x08003678   0x00000060   Code   RO          744    i.m8520_set_throttle  m8520.o
    0x080036d8   0x0000005c   Code   RO          745    i.m8520_unlock      m8520.o
    0x08003734   0x00000128   Code   RO          153    i.mahony_get_euler  attitude.o
    0x0800385c   0x0000004c   Code   RO          155    i.mahony_init       attitude.o
    0x080038a8   0x0000040c   Code   RO          156    i.mahony_update     attitude.o
    0x08003cb4   0x000000ec   Code   RO            5    i.main              main.o
    0x08003da0   0x00000080   Code   RO          301    i.map_throttle      cascade_pid.o
    0x08003e20   0x00000110   Code   RO          378    i.mpu6050_calibrate_gyro  mpu6050.o
    0x08003f30   0x00000088   Code   RO          379    i.mpu6050_get_acce  mpu6050.o
    0x08003fb8   0x000000b8   Code   RO          380    i.mpu6050_get_gyro  mpu6050.o
    0x08004070   0x0000000c   Code   RO          383    i.mpu6050_get_i2c_total_errors  mpu6050.o
    0x0800407c   0x0000008c   Code   RO          385    i.mpu6050_init      mpu6050.o
    0x08004108   0x00000018   Code   RO          302    i.pid_init          cascade_pid.o
    0x08004120   0x00000008   Code   RO          303    i.pid_reset         cascade_pid.o
    0x08004128   0x00000100   Code   RO          304    i.pid_update        cascade_pid.o
    0x08004228   0x00000098   Code   RO         1269    i.prvAddCurrentTaskToDelayedList  tasks.o
    0x080042c0   0x000000b8   Code   RO         1270    i.prvAddNewTaskToReadyList  tasks.o
    0x08004378   0x00000064   Code   RO         1606    i.prvCheckForValidListAndQueue  timers.o
    0x080043dc   0x00000064   Code   RO         1271    i.prvCheckTasksWaitingTermination  tasks.o
    0x08004440   0x0000002a   Code   RO         1071    i.prvCopyDataFromQueue  queue.o
    0x0800446a   0x0000007c   Code   RO         1072    i.prvCopyDataToQueue  queue.o
    0x080044e6   0x00000012   Code   RO         1272    i.prvDeleteTCB      tasks.o
    0x080044f8   0x00000028   Code   RO         1607    i.prvGetNextExpireTime  timers.o
    0x08004520   0x0000007c   Code   RO         1801    i.prvHeapInit       heap_4.o
    0x0800459c   0x00000028   Code   RO         1273    i.prvIdleTask       tasks.o
    0x080045c4   0x0000001c   Code   RO         1073    i.prvInitialiseMutex  queue.o
    0x080045e0   0x0000002a   Code   RO         1074    i.prvInitialiseNewQueue  queue.o
    0x0800460a   0x000000b4   Code   RO         1274    i.prvInitialiseNewTask  tasks.o
    0x080046be   0x00000002   PAD
    0x080046c0   0x00000068   Code   RO         1275    i.prvInitialiseTaskLists  tasks.o
    0x08004728   0x00000068   Code   RO         1802    i.prvInsertBlockIntoFreeList  heap_4.o
    0x08004790   0x00000058   Code   RO         1609    i.prvInsertTimerInActiveList  timers.o
    0x080047e8   0x0000001a   Code   RO         1075    i.prvIsQueueEmpty   queue.o
    0x08004802   0x0000001e   Code   RO         1076    i.prvIsQueueFull    queue.o
    0x08004820   0x00000064   Code   RO         1610    i.prvProcessExpiredTimer  timers.o
    0x08004884   0x000000f8   Code   RO         1611    i.prvProcessReceivedCommands  timers.o
    0x0800497c   0x00000074   Code   RO         1612    i.prvProcessTimerOrBlockTask  timers.o
    0x080049f0   0x00000034   Code   RO         1277    i.prvResetNextTaskUnblockTime  tasks.o
    0x08004a24   0x0000002c   Code   RO         1613    i.prvSampleTimeNow  timers.o
    0x08004a50   0x000000a0   Code   RO         1614    i.prvSwitchTimerLists  timers.o
    0x08004af0   0x00000040   Code   RO         1726    i.prvTaskExitError  port.o
    0x08004b30   0x0000001a   Code   RO         1615    i.prvTimerTask      timers.o
    0x08004b4a   0x0000007e   Code   RO         1077    i.prvUnlockQueue    queue.o
    0x08004bc8   0x0000013c   Code   RO         1803    i.pvPortMalloc      heap_4.o
    0x08004d04   0x00000020   Code   RO         1280    i.pvTaskIncrementMutexHeldCount  tasks.o
    0x08004d24   0x00000024   Code   RO         1727    i.pxPortInitialiseStack  port.o
    0x08004d48   0x0000002c   Code   RO          305    i.rc_deadband       cascade_pid.o
    0x08004d74   0x000000cc   Code   RO          638    i.spi1_init         nrf24l01.o
    0x08004e40   0x00000038   Code   RO          639    i.spi1_readwrite_byte  nrf24l01.o
    0x08004e78   0x0000002c   Code   RO         3659    i.sqrtf             m_ws.l(sqrtf.o)
    0x08004ea4   0x00000080   Code   RO          786    i.task_usart1_print  uart.o
    0x08004f24   0x0000005c   Code   RO          787    i.task_usart1_recv  uart.o
    0x08004f80   0x000000d0   Code   RO          788    i.uart1_init        uart.o
    0x08005050   0x00000028   Code   RO         1034    i.uxListRemove      list.o
    0x08005078   0x0000001a   Code   RO         1035    i.vListInitialise   list.o
    0x08005092   0x00000006   Code   RO         1036    i.vListInitialiseItem  list.o
    0x08005098   0x00000034   Code   RO         1037    i.vListInsert       list.o
    0x080050cc   0x00000018   Code   RO         1038    i.vListInsertEnd    list.o
    0x080050e4   0x00000030   Code   RO         1728    i.vPortEndScheduler  port.o
    0x08005114   0x00000054   Code   RO         1729    i.vPortEnterCritical  port.o
    0x08005168   0x0000003c   Code   RO         1730    i.vPortExitCritical  port.o
    0x080051a4   0x00000094   Code   RO         1804    i.vPortFree         heap_4.o
    0x08005238   0x00000020   Code   RO         1731    i.vPortSetupTimerInterrupt  port.o
    0x08005258   0x00000078   Code   RO         1732    i.vPortValidateInterruptPriority  port.o
    0x080052d0   0x0000002c   Code   RO         1083    i.vQueueAddToRegistry  queue.o
    0x080052fc   0x0000004a   Code   RO         1087    i.vQueueWaitForMessageRestricted  queue.o
    0x08005346   0x00000002   PAD
    0x08005348   0x00000054   Code   RO            6    i.vTask1            main.o
    0x0800539c   0x0000005c   Code   RO         1288    i.vTaskDelay        tasks.o
    0x080053f8   0x000000f4   Code   RO         1290    i.vTaskDelete       tasks.o
    0x080054ec   0x00000024   Code   RO         1291    i.vTaskEndScheduler  tasks.o
    0x08005510   0x00000740   Code   RO          875    i.vTaskFCDebug      electronic_speed_controller.o
    0x08005c50   0x0000000c   Code   RO         1293    i.vTaskMissedYield  tasks.o
    0x08005c5c   0x00000038   Code   RO         1295    i.vTaskPlaceOnEventList  tasks.o
    0x08005c94   0x00000040   Code   RO         1296    i.vTaskPlaceOnEventListRestricted  tasks.o
    0x08005cd4   0x000000b0   Code   RO         1298    i.vTaskPriorityInherit  tasks.o
    0x08005d84   0x000001dc   Code   RO          227    i.vTaskRCReceiver   communication.o
    0x08005f60   0x00000030   Code   RO         1302    i.vTaskSetTimeOutState  tasks.o
    0x08005f90   0x00000094   Code   RO         1303    i.vTaskStartScheduler  tasks.o
    0x08006024   0x00000010   Code   RO         1305    i.vTaskSuspendAll   tasks.o
    0x08006034   0x0000008c   Code   RO         1306    i.vTaskSwitchContext  tasks.o
    0x080060c0   0x000000a0   Code   RO         1733    i.xPortStartScheduler  port.o
    0x08006160   0x00000022   Code   RO         1089    i.xQueueCreateMutex  queue.o
    0x08006182   0x00000058   Code   RO         1090    i.xQueueGenericCreate  queue.o
    0x080061da   0x00000002   PAD
    0x080061dc   0x000001c4   Code   RO         1091    i.xQueueGenericReceive  queue.o
    0x080063a0   0x00000098   Code   RO         1092    i.xQueueGenericReset  queue.o
    0x08006438   0x000001a8   Code   RO         1093    i.xQueueGenericSend  queue.o
    0x080065e0   0x000000f8   Code   RO         1094    i.xQueueGenericSendFromISR  queue.o
    0x080066d8   0x0000008c   Code   RO         1307    i.xTaskCheckForTimeOut  tasks.o
    0x08006764   0x00000060   Code   RO         1308    i.xTaskCreate       tasks.o
    0x080067c4   0x00000020   Code   RO         1312    i.xTaskGetSchedulerState  tasks.o
    0x080067e4   0x0000000c   Code   RO         1313    i.xTaskGetTickCount  tasks.o
    0x080067f0   0x00000148   Code   RO         1315    i.xTaskIncrementTick  tasks.o
    0x08006938   0x000000c8   Code   RO         1318    i.xTaskPriorityDisinherit  tasks.o
    0x08006a00   0x00000098   Code   RO         1319    i.xTaskRemoveFromEventList  tasks.o
    0x08006a98   0x00000104   Code   RO         1321    i.xTaskResumeAll    tasks.o
    0x08006b9c   0x00000058   Code   RO         1619    i.xTimerCreateTimerTask  timers.o
    0x08006bf4   0x00000084   Code   RO         1620    i.xTimerGenericCommand  timers.o
    0x08006c78   0x0000002c   Code   RO         3768    locale$$code        c_w.l(lc_numeric_c.o)
    0x08006ca4   0x0000000c   Code   RO         3678    x$fpl$dretinf       fz_ws.l(dretinf.o)
    0x08006cb0   0x00000056   Code   RO         3608    x$fpl$f2d           fz_ws.l(f2d.o)
    0x08006d06   0x00000002   PAD
    0x08006d08   0x000000c4   Code   RO         3610    x$fpl$fadd          fz_ws.l(faddsub_clz.o)
    0x08006dcc   0x0000000c   Code   RO         3770    x$fpl$fcheck1       fz_ws.l(fcheck1.o)
    0x08006dd8   0x00000018   Code   RO         3680    x$fpl$fcmpinf       fz_ws.l(fcmpi.o)
    0x08006df0   0x00000184   Code   RO         3617    x$fpl$fdiv          fz_ws.l(fdiv.o)
    0x08006f74   0x00000036   Code   RO         3620    x$fpl$ffix          fz_ws.l(ffix.o)
    0x08006faa   0x00000002   PAD
    0x08006fac   0x0000003e   Code   RO         3624    x$fpl$ffixu         fz_ws.l(ffixu.o)
    0x08006fea   0x00000002   PAD
    0x08006fec   0x00000030   Code   RO         3629    x$fpl$fflt          fz_ws.l(fflt_clz.o)
    0x0800701c   0x00000026   Code   RO         3628    x$fpl$ffltu         fz_ws.l(fflt_clz.o)
    0x08007042   0x00000002   PAD
    0x08007044   0x00000068   Code   RO         3634    x$fpl$fleqf         fz_ws.l(fleqf.o)
    0x080070ac   0x00000102   Code   RO         3636    x$fpl$fmul          fz_ws.l(fmul.o)
    0x080071ae   0x0000008c   Code   RO         3682    x$fpl$fnaninf       fz_ws.l(fnaninf.o)
    0x0800723a   0x0000000a   Code   RO         3684    x$fpl$fretinf       fz_ws.l(fretinf.o)
    0x08007244   0x00000062   Code   RO         3638    x$fpl$frleqf        fz_ws.l(frleqf.o)
    0x080072a6   0x00000014   Code   RO         3611    x$fpl$frsb          fz_ws.l(faddsub_clz.o)
    0x080072ba   0x00000002   PAD
    0x080072bc   0x00000110   Code   RO         3686    x$fpl$fsqrt         fz_ws.l(fsqrt.o)
    0x080073cc   0x000000ea   Code   RO         3612    x$fpl$fsub          fz_ws.l(faddsub_clz.o)
    0x080074b6   0x00000004   Code   RO         3640    x$fpl$printf1       fz_ws.l(printf1.o)
    0x080074ba   0x00000064   Code   RO         3838    x$fpl$retnan        fz_ws.l(retnan.o)
    0x0800751e   0x0000004c   Code   RO         3688    x$fpl$scalbnf       fz_ws.l(scalbnf.o)
    0x0800756a   0x00000030   Code   RO         3846    x$fpl$trapveneer    fz_ws.l(trapv.o)
    0x0800759a   0x00000000   Code   RO         3690    x$fpl$usenofp       fz_ws.l(usenofp.o)
    0x0800759a   0x00000011   Data   RO         3586    .constdata          c_w.l(__printf_flags_ss_wp.o)
    0x080075ab   0x00000001   PAD
    0x080075ac   0x00000094   Data   RO         3739    .constdata          c_w.l(bigflt0.o)
    0x08007640   0x00000109   Data   RO          877    .conststring        electronic_speed_controller.o
    0x08007749   0x00000003   PAD
    0x0800774c   0x00000020   Data   RO         3916    Region$$Table       anon$$obj.o
    0x0800776c   0x0000001c   Data   RO         3767    locale$$data        c_w.l(lc_numeric_c.o)


    Execution Region RW_IRAM1 (Base: 0x20000000, Size: 0x00002a50, Max: 0x00005000, ABSOLUTE, COMPRESSED[0x00000030])

    Base Addr    Size         Type   Attr      Idx    E Section Name        Object

    0x20000000   0x00000008   Data   RW            7    .data               main.o
    0x20000008   0x00000020   Data   RW          159    .data               attitude.o
    0x20000028   0x00000010   Data   RW          230    .data               communication.o
    0x20000038   0x00000029   Data   RW          307    .data               cascade_pid.o
    0x20000061   0x00000003   PAD
    0x20000064   0x00000024   Data   RW          386    .data               mpu6050.o
    0x20000088   0x00000012   Data   RW          790    .data               uart.o
    0x2000009a   0x00000002   PAD
    0x2000009c   0x0000003c   Data   RW         1324    .data               tasks.o
    0x200000d8   0x00000014   Data   RW         1626    .data               timers.o
    0x200000ec   0x0000000c   Data   RW         1734    .data               port.o
    0x200000f8   0x00000018   Data   RW         1809    .data               heap_4.o
    0x20000110   0x00000014   Data   RW         2395    .data               stm32f10x_rcc.o
    0x20000124   0x00000014   Data   RW         3494    .data               system_stm32f10x.o
    0x20000138   0x00000010   Zero   RW          228    .bss                communication.o
    0x20000148   0x00000054   Zero   RW          306    .bss                cascade_pid.o
    0x2000019c   0x00000120   Zero   RW          789    .bss                uart.o
    0x200002bc   0x00000040   Zero   RW         1102    .bss                queue.o
    0x200002fc   0x000000c8   Zero   RW         1323    .bss                tasks.o
    0x200003c4   0x00000028   Zero   RW         1625    .bss                timers.o
    0x200003ec   0x00002000   Zero   RW         1808    .bss                heap_4.o
    0x200023ec   0x00000060   Zero   RW         3777    .bss                c_w.l(libspace.o)
    0x2000244c   0x00000004   PAD
    0x20002450   0x00000200   Zero   RW         3481    HEAP                startup_stm32f10x_md.o
    0x20002650   0x00000400   Zero   RW         3480    STACK               startup_stm32f10x_md.o


==============================================================================

Image component sizes


      Code (inc. data)   RO Data    RW Data    ZI Data      Debug   Object Name

      1408         88          0         32          0       3373   attitude.o
      1920        204          0         41         84       8562   cascade_pid.o
       604        156          0         16         16      12003   communication.o
      1856        620        265          0          0       3369   electronic_speed_controller.o
         0          0          0          0          0      11840   event_groups.o
       692         62          0         24       8192       4095   heap_4.o
       148          0          0          0          0       2878   list.o
       404          4          0          0          0       1613   m8520.o
       344        120          0          8          0     284364   main.o
       132         22          0          0          0       1779   misc.o
      1874        192          0         36          0      11465   mpu6050.o
       986         68          0          0          0       8532   nrf24l01.o
       806         86          0         12          0      10901   port.o
      1934         22          0          0         64      13357   queue.o
        64         26        236          0       1536        812   startup_stm32f10x_md.o
       286          0          0          0          0       3324   stm32f10x_gpio.o
       476         20          0          0          0       8228   stm32f10x_i2c.o
       340         44          0         20          0       6008   stm32f10x_rcc.o
       200         12          0          0          0       4859   stm32f10x_spi.o
       956         92          0          0          0      11808   stm32f10x_tim.o
       472          6          0          0          0       7343   stm32f10x_usart.o
       328         28          0         20          0       2253   system_stm32f10x.o
      3114        414          0         60        200      21659   tasks.o
      1142        118          0         20         40       8455   timers.o
       568         64          0         18        288       8364   uart.o

    ----------------------------------------------------------------------
     21082       2468        536        312      10420     461244   Object Totals
         0          0         32          0          0          0   (incl. Generated)
        28          0          3          5          0          0   (incl. Padding)

    ----------------------------------------------------------------------

      Code (inc. data)   RO Data    RW Data    ZI Data      Debug   Library Member Name

        90          0          0          0          0          0   __dczerorl2.o
         8          0          0          0          0         68   __main.o
       392          4         17          0          0         92   __printf_flags_ss_wp.o
        14          0          0          0          0         68   __printf_wp.o
         0          0          0          0          0          0   __rtentry.o
        12          0          0          0          0          0   __rtentry2.o
         6          0          0          0          0          0   __rtentry4.o
        52          8          0          0          0          0   __scatter.o
        28          0          0          0          0          0   __scatter_zi.o
        44          0          0          0          0        108   _printf_char.o
        48          6          0          0          0         96   _printf_char_common.o
        36          4          0          0          0         80   _printf_char_file.o
         6          0          0          0          0          0   _printf_d.o
       120         16          0          0          0         92   _printf_dec.o
         6          0          0          0          0          0   _printf_f.o
      1050          0          0          0          0        216   _printf_fp_dec.o
       128         16          0          0          0         84   _printf_fp_infnan.o
       178          0          0          0          0         88   _printf_intcommon.o
        78          0          0          0          0        108   _printf_pad.o
         0          0          0          0          0          0   _printf_percent.o
         4          0          0          0          0          0   _printf_percent_end.o
         6          0          0          0          0          0   _printf_s.o
        82          0          0          0          0         80   _printf_str.o
         6          0          0          0          0          0   _printf_u.o
        22          0          0          0          0        100   _rserrno.o
        16          0          0          0          0         68   aeabi_memset.o
       220          4        148          0          0         96   bigflt0.o
      1910        128          0          0          0        672   btod.o
        12          0          0          0          0         72   exit.o
         8          0          0          0          0         68   ferror.o
         6          0          0          0          0        152   heapauxi.o
        44         10         28          0          0         76   lc_numeric_c.o
         2          0          0          0          0          0   libinit.o
        18          0          0          0          0          0   libinit2.o
         2          0          0          0          0          0   libshutdown.o
         2          0          0          0          0          0   libshutdown2.o
         8          4          0          0         96         68   libspace.o
       138          0          0          0          0         80   lludiv10.o
        24          4          0          0          0         84   noretval__2printf.o
         8          4          0          0          0         68   rt_errno_addr_intlibspace.o
         8          4          0          0          0         68   rt_locale_intlibspace.o
        68          0          0          0          0         68   rt_memclr.o
        78          0          0          0          0         80   rt_memclr_w.o
       138          0          0          0          0         68   rt_memcpy_v6.o
       100          0          0          0          0         80   rt_memcpy_w.o
         2          0          0          0          0          0   rtexit.o
        10          0          0          0          0          0   rtexit2.o
       128          0          0          0          0         68   strcmpv7m.o
        74          0          0          0          0         80   sys_stackheap_outer.o
        12          0          0          0          0         68   dretinf.o
        86          4          0          0          0         84   f2d.o
       450          8          0          0          0        236   faddsub_clz.o
        12          4          0          0          0         68   fcheck1.o
        24          0          0          0          0         68   fcmpi.o
       388         76          0          0          0         96   fdiv.o
        54          4          0          0          0         84   ffix.o
        62          4          0          0          0         84   ffixu.o
        86          0          0          0          0        136   fflt_clz.o
       104          4          0          0          0         84   fleqf.o
       258          4          0          0          0         84   fmul.o
       140          4          0          0          0         84   fnaninf.o
        10          0          0          0          0         68   fretinf.o
        98          0          0          0          0         68   frleqf.o
       272        100          0          0          0         88   fsqrt.o
         4          0          0          0          0         68   printf1.o
       100          0          0          0          0         68   retnan.o
        76          0          0          0          0         68   scalbnf.o
        48          0          0          0          0         68   trapv.o
         0          0          0          0          0          0   usenofp.o
       292         38          0          0          0        120   asinf.o
       604         76          0          0          0        116   atan2f.o
        40          0          0          0          0         68   fpclassify.o
        38          0          0          0          0         68   fpclassifyf.o
        28          0          0          0          0        272   funder.o
        44          0          0          0          0         80   sqrtf.o

    ----------------------------------------------------------------------
      8788        538        194          0        100       5692   Library Totals
        18          0          1          0          4          0   (incl. Padding)

    ----------------------------------------------------------------------

      Code (inc. data)   RO Data    RW Data    ZI Data      Debug   Library Name

      5440        212        193          0         96       3296   c_w.l
      2284        212          0          0          0       1672   fz_ws.l
      1046        114          0          0          0        724   m_ws.l

    ----------------------------------------------------------------------
      8788        538        194          0        100       5692   Library Totals

    ----------------------------------------------------------------------

==============================================================================


      Code (inc. data)   RO Data    RW Data    ZI Data      Debug   

     29870       3006        730        312      10520     454296   Grand Totals
     29870       3006        730         48      10520     454296   ELF Image Totals (compressed)
     29870       3006        730         48          0          0   ROM Totals

==============================================================================

    Total RO  Size (Code + RO Data)                30600 (  29.88kB)
    Total RW  Size (RW Data + ZI Data)             10832 (  10.58kB)
    Total ROM Size (Code + RO Data + RW Data)      30648 (  29.93kB)

==============================================================================

